Component: ARM Compiler 5.06 update 4 (build 422) Tool: armlink [4d35d2]

==============================================================================

Section Cross References

    system_stm32f4xx.o(i.SystemCoreClockUpdate) refers to system_stm32f4xx.o(.data) for .data
    system_stm32f4xx.o(i.SystemCoreClockUpdate) refers to system_stm32f4xx.o(.constdata) for .constdata
    gpio.o(i.MX_GPIO_Init) refers to stm32f4xx_hal_gpio.o(i.HAL_GPIO_WritePin) for HAL_GPIO_WritePin
    gpio.o(i.MX_GPIO_Init) refers to stm32f4xx_hal_gpio.o(i.HAL_GPIO_Init) for HAL_GPIO_Init
    usart.o(i.HAL_UART_MspDeInit) refers to stm32f4xx_hal_gpio.o(i.HAL_GPIO_DeInit) for HAL_GPIO_DeInit
    usart.o(i.HAL_UART_MspDeInit) refers to stm32f4xx_hal_cortex.o(i.HAL_NVIC_DisableIRQ) for HAL_NVIC_DisableIRQ
    usart.o(i.HAL_UART_MspInit) refers to stm32f4xx_hal_gpio.o(i.HAL_GPIO_Init) for HAL_GPIO_Init
    usart.o(i.MX_USART1_UART_Init) refers to stm32f4xx_hal_uart.o(i.HAL_UART_Init) for HAL_UART_Init
    usart.o(i.MX_USART1_UART_Init) refers to main.o(i.Error_Handler) for Error_Handler
    usart.o(i.MX_USART1_UART_Init) refers to usart.o(.bss) for .bss
    usart.o(i.MX_USART2_UART_Init) refers to stm32f4xx_hal_uart.o(i.HAL_UART_Init) for HAL_UART_Init
    usart.o(i.MX_USART2_UART_Init) refers to main.o(i.Error_Handler) for Error_Handler
    usart.o(i.MX_USART2_UART_Init) refers to usart.o(.bss) for .bss
    usart.o(i.MX_USART6_UART_Init) refers to stm32f4xx_hal_uart.o(i.HAL_UART_Init) for HAL_UART_Init
    usart.o(i.MX_USART6_UART_Init) refers to main.o(i.Error_Handler) for Error_Handler
    usart.o(i.MX_USART6_UART_Init) refers to usart.o(.bss) for .bss
    usart.o(i.UsartInteger) refers to printfa.o(i.__0sprintf) for __2sprintf
    usart.o(i.UsartInteger) refers to usart.o(i.USART_Puts) for USART_Puts
    usart.o(i.Usartfloat) refers to f2d.o(.text) for __aeabi_f2d
    usart.o(i.Usartfloat) refers to printfa.o(i.__0sprintf) for __2sprintf
    usart.o(i.Usartfloat) refers to usart.o(i.USART_Puts) for USART_Puts
    main.o(i.SystemClock_Config) refers to stm32f4xx_hal_rcc_ex.o(i.HAL_RCC_OscConfig) for HAL_RCC_OscConfig
    main.o(i.SystemClock_Config) refers to stm32f4xx_hal_rcc.o(i.HAL_RCC_ClockConfig) for HAL_RCC_ClockConfig
    main.o(i.SystemClock_Config) refers to stm32f4xx_hal_rcc.o(i.HAL_RCC_GetHCLKFreq) for HAL_RCC_GetHCLKFreq
    main.o(i.SystemClock_Config) refers to stm32f4xx_hal_cortex.o(i.HAL_SYSTICK_Config) for HAL_SYSTICK_Config
    main.o(i.SystemClock_Config) refers to stm32f4xx_hal_cortex.o(i.HAL_SYSTICK_CLKSourceConfig) for HAL_SYSTICK_CLKSourceConfig
    main.o(i.SystemClock_Config) refers to stm32f4xx_hal_cortex.o(i.HAL_NVIC_SetPriority) for HAL_NVIC_SetPriority
    main.o(i.main) refers to stm32f4xx_hal.o(i.HAL_Init) for HAL_Init
    main.o(i.main) refers to main.o(i.SystemClock_Config) for SystemClock_Config
    main.o(i.main) refers to gpio.o(i.MX_GPIO_Init) for MX_GPIO_Init
    main.o(i.main) refers to spi.o(i.MX_SPI1_Init) for MX_SPI1_Init
    main.o(i.main) refers to usart.o(i.MX_USART2_UART_Init) for MX_USART2_UART_Init
    main.o(i.main) refers to usart.o(i.MX_USART6_UART_Init) for MX_USART6_UART_Init
    main.o(i.main) refers to stm32f4xx_hal_cortex.o(i.HAL_NVIC_SetPriority) for HAL_NVIC_SetPriority
    main.o(i.main) refers to stm32f4xx_hal_cortex.o(i.HAL_NVIC_EnableIRQ) for HAL_NVIC_EnableIRQ
    main.o(i.main) refers to stm32f4xx_hal_gpio.o(i.HAL_GPIO_WritePin) for HAL_GPIO_WritePin
    main.o(i.main) refers to testfunc.o(i.ADE7953_CS_HIGH) for ADE7953_CS_HIGH
    main.o(i.main) refers to testfunc.o(i.ADE7953_reset) for ADE7953_reset
    main.o(i.main) refers to testfunc.o(i.ADE7953_RES_HIGH) for ADE7953_RES_HIGH
    main.o(i.main) refers to testfunc.o(i.ADE7953_init) for ADE7953_init
    main.o(i.main) refers to stm32f4xx_hal_gpio.o(i.HAL_GPIO_ReadPin) for HAL_GPIO_ReadPin
    main.o(i.main) refers to testfunc.o(i.ADE7953_RegisterValue32) for ADE7953_RegisterValue32
    main.o(i.main) refers to testfunc.o(i.ADE7953_RegisterValue32_Signed) for ADE7953_RegisterValue32_Signed
    main.o(i.main) refers to testfunc.o(i.ADE7953_RegisterValue16_Signed) for ADE7953_RegisterValue16_Signed
    main.o(i.main) refers to testfunc.o(i.ADE7953_RegisterValue16) for ADE7953_RegisterValue16
    main.o(i.main) refers to testfunc.o(i.ADE7953_CalculateRegisterValue32) for ADE7953_CalculateRegisterValue32
    main.o(i.main) refers to testfunc.o(i.ADE7953_CalculateRegisterValue32_Signed) for ADE7953_CalculateRegisterValue32_Signed
    main.o(i.main) refers to testfunc.o(i.ADE7953_CalculateRegisterValue16_Signed) for ADE7953_CalculateRegisterValue16_Signed
    main.o(i.main) refers to f2d.o(.text) for __aeabi_f2d
    main.o(i.main) refers to ddiv.o(.text) for __aeabi_ddiv
    main.o(i.main) refers to dmul.o(.text) for __aeabi_dmul
    main.o(i.main) refers to d2f.o(.text) for __aeabi_d2f
    main.o(i.main) refers to usart.o(i.USART_Puts) for USART_Puts
    main.o(i.main) refers to usart.o(i.Usartfloat) for Usartfloat
[...]
    Removing stm32f4xx_hal_spi.o(i.HAL_SPI_Transmit_IT), (152 bytes).
    Removing stm32f4xx_hal_spi.o(i.HAL_SPI_TxCpltCallback), (2 bytes).
    Removing stm32f4xx_hal_spi.o(i.HAL_SPI_TxHalfCpltCallback), (2 bytes).
    Removing stm32f4xx_hal_spi.o(i.HAL_SPI_TxRxCpltCallback), (2 bytes).
    Removing stm32f4xx_hal_spi.o(i.HAL_SPI_TxRxHalfCpltCallback), (2 bytes).
    Removing stm32f4xx_hal_spi.o(i.SPI_2linesRxISR_16BIT), (48 bytes).
    Removing stm32f4xx_hal_spi.o(i.SPI_2linesRxISR_8BIT), (46 bytes).
    Removing stm32f4xx_hal_spi.o(i.SPI_2linesTxISR_16BIT), (48 bytes).
    Removing stm32f4xx_hal_spi.o(i.SPI_2linesTxISR_8BIT), (46 bytes).
    Removing stm32f4xx_hal_spi.o(i.SPI_AbortRx_ISR), (80 bytes).
    Removing stm32f4xx_hal_spi.o(i.SPI_AbortTx_ISR), (22 bytes).
    Removing stm32f4xx_hal_spi.o(i.SPI_CheckFlag_BSY), (32 bytes).
    Removing stm32f4xx_hal_spi.o(i.SPI_CloseRxTx_ISR), (144 bytes).
    Removing stm32f4xx_hal_spi.o(i.SPI_CloseRx_ISR), (78 bytes).
    Removing stm32f4xx_hal_spi.o(i.SPI_CloseTx_ISR), (124 bytes).
    Removing stm32f4xx_hal_spi.o(i.SPI_DMAError), (34 bytes).
    Removing stm32f4xx_hal_spi.o(i.SPI_DMAHalfReceiveCplt), (10 bytes).
    Removing stm32f4xx_hal_spi.o(i.SPI_DMAHalfTransmitCplt), (10 bytes).
    Removing stm32f4xx_hal_spi.o(i.SPI_DMAHalfTransmitReceiveCplt), (10 bytes).
    Removing stm32f4xx_hal_spi.o(i.SPI_DMAReceiveCplt), (82 bytes).
    Removing stm32f4xx_hal_spi.o(i.SPI_DMARxAbortCallback), (70 bytes).
    Removing stm32f4xx_hal_spi.o(i.SPI_DMATransmitCplt), (90 bytes).
    Removing stm32f4xx_hal_spi.o(i.SPI_DMATransmitReceiveCplt), (80 bytes).
    Removing stm32f4xx_hal_spi.o(i.SPI_DMATxAbortCallback), (104 bytes).
    Removing stm32f4xx_hal_spi.o(i.SPI_RxISR_16BIT), (32 bytes).
    Removing stm32f4xx_hal_spi.o(i.SPI_RxISR_8BIT), (30 bytes).
    Removing stm32f4xx_hal_spi.o(i.SPI_TxISR_16BIT), (32 bytes).
    Removing stm32f4xx_hal_spi.o(i.SPI_TxISR_8BIT), (30 bytes).
    Removing stm32f4xx_hal_spi.o(i.SPI_WaitFlagStateUntilTimeout), (150 bytes).
    Removing stm32f4xx_hal_gpio.o(.rev16_text), (4 bytes).
    Removing stm32f4xx_hal_gpio.o(.revsh_text), (4 bytes).
    Removing stm32f4xx_hal_gpio.o(.rrx_text), (6 bytes).
    Removing stm32f4xx_hal_gpio.o(i.HAL_GPIO_DeInit), (236 bytes).
    Removing stm32f4xx_hal_gpio.o(i.HAL_GPIO_EXTI_Callback), (2 bytes).
    Removing stm32f4xx_hal_gpio.o(i.HAL_GPIO_EXTI_IRQHandler), (24 bytes).
    Removing stm32f4xx_hal_gpio.o(i.HAL_GPIO_LockPin), (34 bytes).
    Removing stm32f4xx_hal_gpio.o(i.HAL_GPIO_TogglePin), (8 bytes).
    Removing stm32f4xx_hal_tim.o(.rev16_text), (4 bytes).
    Removing stm32f4xx_hal_tim.o(.revsh_text), (4 bytes).
    Removing stm32f4xx_hal_tim.o(.rrx_text), (6 bytes).
    Removing stm32f4xx_hal_dma_ex.o(.rev16_text), (4 bytes).
    Removing stm32f4xx_hal_dma_ex.o(.revsh_text), (4 bytes).
    Removing stm32f4xx_hal_dma_ex.o(.rrx_text), (6 bytes).
    Removing stm32f4xx_hal_dma_ex.o(i.DMA_MultiBufferSetConfig), (30 bytes).
    Removing stm32f4xx_hal_dma_ex.o(i.HAL_DMAEx_ChangeMemory), (14 bytes).
    Removing stm32f4xx_hal_dma_ex.o(i.HAL_DMAEx_MultiBufferStart), (100 bytes).
    Removing stm32f4xx_hal_dma_ex.o(i.HAL_DMAEx_MultiBufferStart_IT), (2452 bytes).
    Removing stm32f4xx_hal_pwr.o(.rev16_text), (4 bytes).
    Removing stm32f4xx_hal_pwr.o(.revsh_text), (4 bytes).
    Removing stm32f4xx_hal_pwr.o(.rrx_text), (6 bytes).
    Removing stm32f4xx_hal_pwr.o(i.HAL_PWR_ConfigPVD), (124 bytes).
    Removing stm32f4xx_hal_pwr.o(i.HAL_PWR_DeInit), (24 bytes).
    Removing stm32f4xx_hal_pwr.o(i.HAL_PWR_DisableBkUpAccess), (28 bytes).
    Removing stm32f4xx_hal_pwr.o(i.HAL_PWR_DisablePVD), (24 bytes).
    Removing stm32f4xx_hal_pwr.o(i.HAL_PWR_DisableSEVOnPend), (16 bytes).
    Removing stm32f4xx_hal_pwr.o(i.HAL_PWR_DisableSleepOnExit), (16 bytes).
    Removing stm32f4xx_hal_pwr.o(i.HAL_PWR_DisableWakeUpPin), (16 bytes).
    Removing stm32f4xx_hal_pwr.o(i.HAL_PWR_EnableBkUpAccess), (24 bytes).
    Removing stm32f4xx_hal_pwr.o(i.HAL_PWR_EnablePVD), (24 bytes).
    Removing stm32f4xx_hal_pwr.o(i.HAL_PWR_EnableSEVOnPend), (16 bytes).
    Removing stm32f4xx_hal_pwr.o(i.HAL_PWR_EnableSleepOnExit), (16 bytes).
    Removing stm32f4xx_hal_pwr.o(i.HAL_PWR_EnableWakeUpPin), (16 bytes).
    Removing stm32f4xx_hal_pwr.o(i.HAL_PWR_EnterSLEEPMode), (32 bytes).
    Removing stm32f4xx_hal_pwr.o(i.HAL_PWR_EnterSTANDBYMode), (32 bytes).
    Removing stm32f4xx_hal_pwr.o(i.HAL_PWR_EnterSTOPMode), (56 bytes).
    Removing stm32f4xx_hal_pwr.o(i.HAL_PWR_PVDCallback), (2 bytes).
    Removing stm32f4xx_hal_pwr.o(i.HAL_PWR_PVD_IRQHandler), (28 bytes).
    Removing stm32f4xx_hal_tim_ex.o(.rev16_text), (4 bytes).
    Removing stm32f4xx_hal_tim_ex.o(.revsh_text), (4 bytes).
    Removing stm32f4xx_hal_tim_ex.o(.rrx_text), (6 bytes).
    Removing stm32f4xx_hal_uart.o(.rev16_text), (4 bytes).
    Removing stm32f4xx_hal_uart.o(.revsh_text), (4 bytes).
    Removing stm32f4xx_hal_uart.o(.rrx_text), (6 bytes).
    Removing stm32f4xx_hal_uart.o(i.HAL_HalfDuplex_EnableReceiver), (50 bytes).
    Removing stm32f4xx_hal_uart.o(i.HAL_HalfDuplex_EnableTransmitter), (50 bytes).
    Removing stm32f4xx_hal_uart.o(i.HAL_HalfDuplex_Init), (108 bytes).
    Removing stm32f4xx_hal_uart.o(i.HAL_LIN_Init), (128 bytes).
    Removing stm32f4xx_hal_uart.o(i.HAL_LIN_SendBreak), (46 bytes).
    Removing stm32f4xx_hal_uart.o(i.HAL_MultiProcessor_EnterMuteMode), (46 bytes).
    Removing stm32f4xx_hal_uart.o(i.HAL_MultiProcessor_ExitMuteMode), (46 bytes).
    Removing stm32f4xx_hal_uart.o(i.HAL_MultiProcessor_Init), (142 bytes).
    Removing stm32f4xx_hal_uart.o(i.HAL_UART_Abort), (104 bytes).
    Removing stm32f4xx_hal_uart.o(i.HAL_UART_AbortCpltCallback), (2 bytes).
    Removing stm32f4xx_hal_uart.o(i.HAL_UART_AbortReceive), (68 bytes).
    Removing stm32f4xx_hal_uart.o(i.HAL_UART_AbortReceiveCpltCallback), (2 bytes).
    Removing stm32f4xx_hal_uart.o(i.HAL_UART_AbortReceive_IT), (92 bytes).
    Removing stm32f4xx_hal_uart.o(i.HAL_UART_AbortTransmit), (58 bytes).
    Removing stm32f4xx_hal_uart.o(i.HAL_UART_AbortTransmitCpltCallback), (2 bytes).
    Removing stm32f4xx_hal_uart.o(i.HAL_UART_AbortTransmit_IT), (84 bytes).
    Removing stm32f4xx_hal_uart.o(i.HAL_UART_Abort_IT), (172 bytes).
    Removing stm32f4xx_hal_uart.o(i.HAL_UART_DMAPause), (102 bytes).
    Removing stm32f4xx_hal_uart.o(i.HAL_UART_DMAResume), (94 bytes).
    Removing stm32f4xx_hal_uart.o(i.HAL_UART_DMAStop), (88 bytes).
    Removing stm32f4xx_hal_uart.o(i.HAL_UART_DeInit), (40 bytes).
    Removing stm32f4xx_hal_uart.o(i.HAL_UART_GetError), (4 bytes).
    Removing stm32f4xx_hal_uart.o(i.HAL_UART_GetState), (10 bytes).
    Removing stm32f4xx_hal_uart.o(i.HAL_UART_MspDeInit), (2 bytes).
    Removing stm32f4xx_hal_uart.o(i.HAL_UART_MspInit), (2 bytes).
    Removing stm32f4xx_hal_uart.o(i.HAL_UART_Receive_DMA), (152 bytes).
    Removing stm32f4xx_hal_uart.o(i.HAL_UART_Receive_IT), (72 bytes).
    Removing stm32f4xx_hal_uart.o(i.HAL_UART_RxHalfCpltCallback), (2 bytes).
    Removing stm32f4xx_hal_uart.o(i.HAL_UART_Transmit), (186 bytes).
    Removing stm32f4xx_hal_uart.o(i.HAL_UART_Transmit_DMA), (128 bytes).
    Removing stm32f4xx_hal_uart.o(i.HAL_UART_Transmit_IT), (62 bytes).
    Removing stm32f4xx_hal_uart.o(i.HAL_UART_TxHalfCpltCallback), (2 bytes).
    Removing stm32f4xx_hal_uart.o(i.UART_DMAError), (74 bytes).
    Removing stm32f4xx_hal_uart.o(i.UART_DMAReceiveCplt), (60 bytes).
    Removing stm32f4xx_hal_uart.o(i.UART_DMARxAbortCallback), (42 bytes).
    Removing stm32f4xx_hal_uart.o(i.UART_DMARxHalfCplt), (10 bytes).
    Removing stm32f4xx_hal_uart.o(i.UART_DMARxOnlyAbortCallback), (20 bytes).
    Removing stm32f4xx_hal_uart.o(i.UART_DMATransmitCplt), (46 bytes).
    Removing stm32f4xx_hal_uart.o(i.UART_DMATxAbortCallback), (42 bytes).
    Removing stm32f4xx_hal_uart.o(i.UART_DMATxHalfCplt), (10 bytes).
    Removing stm32f4xx_hal_uart.o(i.UART_DMATxOnlyAbortCallback), (20 bytes).
    Removing stm32f4xx_hal_uart.o(i.UART_EndTxTransfer), (18 bytes).
    Removing stm32f4xx_hal_rcc_ex.o(.rev16_text), (4 bytes).
    Removing stm32f4xx_hal_rcc_ex.o(.revsh_text), (4 bytes).
    Removing stm32f4xx_hal_rcc_ex.o(.rrx_text), (6 bytes).
    Removing stm32f4xx_hal_rcc_ex.o(i.HAL_RCCEx_GetPeriphCLKConfig), (72 bytes).
    Removing stm32f4xx_hal_rcc_ex.o(i.HAL_RCCEx_GetPeriphCLKFreq), (116 bytes).
    Removing stm32f4xx_hal_rcc_ex.o(i.HAL_RCCEx_PeriphCLKConfig), (292 bytes).
    Removing stm32f4xx_hal_rcc_ex.o(i.HAL_RCCEx_SelectLSEMode), (28 bytes).
    Removing stm32f4xx_hal_rcc_ex.o(i.HAL_RCC_DeInit), (72 bytes).
    Removing stm32f4xx_hal_rcc_ex.o(i.HAL_RCC_GetOscConfig), (252 bytes).
    Removing stm32f4xx_hal_flash_ex.o(.rev16_text), (4 bytes).
    Removing stm32f4xx_hal_flash_ex.o(.revsh_text), (4 bytes).
    Removing stm32f4xx_hal_flash_ex.o(.rrx_text), (6 bytes).
    Removing stm32f4xx_hal_flash_ex.o(i.FLASH_Erase_Sector), (88 bytes).
    Removing stm32f4xx_hal_flash_ex.o(i.FLASH_FlushCaches), (84 bytes).
    Removing stm32f4xx_hal_flash_ex.o(i.FLASH_MassErase), (40 bytes).
    Removing stm32f4xx_hal_flash_ex.o(i.HAL_FLASHEx_AdvOBGetConfig), (12 bytes).
    Removing stm32f4xx_hal_flash_ex.o(i.HAL_FLASHEx_AdvOBProgram), (60 bytes).
    Removing stm32f4xx_hal_flash_ex.o(i.HAL_FLASHEx_Erase), (152 bytes).
    Removing stm32f4xx_hal_flash_ex.o(i.HAL_FLASHEx_Erase_IT), (104 bytes).
    Removing stm32f4xx_hal_flash_ex.o(i.HAL_FLASHEx_OBGetConfig), (64 bytes).
    Removing stm32f4xx_hal_flash_ex.o(i.HAL_FLASHEx_OBProgram), (204 bytes).
    Removing stm32f4xx_hal_flash_ex.o(i.HAL_FLASHEx_OB_DeSelectPCROP), (20 bytes).
    Removing stm32f4xx_hal_flash_ex.o(i.HAL_FLASHEx_OB_SelectPCROP), (24 bytes).
    Removing stm32f4xx_hal_flash_ramfunc.o(.rev16_text), (4 bytes).
    Removing stm32f4xx_hal_flash_ramfunc.o(.revsh_text), (4 bytes).
    Removing stm32f4xx_hal_flash_ramfunc.o(.rrx_text), (6 bytes).
    Removing stm32f4xx_hal_flash_ramfunc.o(i.HAL_FLASHEx_DisableFlashSleepMode), (44 bytes).
    Removing stm32f4xx_hal_flash_ramfunc.o(i.HAL_FLASHEx_EnableFlashSleepMode), (44 bytes).
    Removing stm32f4xx_hal_flash_ramfunc.o(i.HAL_FLASHEx_StartFlashInterfaceClk), (44 bytes).
    Removing stm32f4xx_hal_flash_ramfunc.o(i.HAL_FLASHEx_StopFlashInterfaceClk), (44 bytes).
    Removing stm32f4xx_hal_pwr_ex.o(.rev16_text), (4 bytes).
    Removing stm32f4xx_hal_pwr_ex.o(.revsh_text), (4 bytes).
    Removing stm32f4xx_hal_pwr_ex.o(.rrx_text), (6 bytes).
    Removing stm32f4xx_hal_pwr_ex.o(i.HAL_PWREx_ControlVoltageScaling), (176 bytes).
    Removing stm32f4xx_hal_pwr_ex.o(i.HAL_PWREx_DisableBkUpReg), (76 bytes).
    Removing stm32f4xx_hal_pwr_ex.o(i.HAL_PWREx_DisableFlashPowerDown), (28 bytes).
    Removing stm32f4xx_hal_pwr_ex.o(i.HAL_PWREx_DisableLowRegulatorLowVoltage), (28 bytes).
    Removing stm32f4xx_hal_pwr_ex.o(i.HAL_PWREx_DisableMainRegulatorLowVoltage), (28 bytes).
    Removing stm32f4xx_hal_pwr_ex.o(i.HAL_PWREx_EnableBkUpReg), (76 bytes).
    Removing stm32f4xx_hal_pwr_ex.o(i.HAL_PWREx_EnableFlashPowerDown), (24 bytes).
    Removing stm32f4xx_hal_pwr_ex.o(i.HAL_PWREx_EnableLowRegulatorLowVoltage), (24 bytes).
    Removing stm32f4xx_hal_pwr_ex.o(i.HAL_PWREx_EnableMainRegulatorLowVoltage), (24 bytes).
    Removing stm32f4xx_hal_pwr_ex.o(i.HAL_PWREx_GetVoltageRange), (16 bytes).
    Removing startup_stm32f410rx.o(HEAP), (512 bytes).
    Removing dneg.o(.text), (6 bytes).

327 unused section(s) (total 21528 bytes) removed from the image.

==============================================================================

Image Symbol Table

    Local Symbols

    Symbol Name                              Value     Ov Type        Size  Object(Section)

    ../Drivers/STM32F4xx_HAL_Driver/Src/stm32f4xx_hal.c 0x00000000   Number         0  stm32f4xx_hal.o ABSOLUTE
    ../Drivers/STM32F4xx_HAL_Driver/Src/stm32f4xx_hal_cortex.c 0x00000000   Number         0  stm32f4xx_hal_cortex.o ABSOLUTE
    ../Drivers/STM32F4xx_HAL_Driver/Src/stm32f4xx_hal_dma.c 0x00000000   Number         0  stm32f4xx_hal_dma.o ABSOLUTE
    ../Drivers/STM32F4xx_HAL_Driver/Src/stm32f4xx_hal_dma_ex.c 0x00000000   Number         0  stm32f4xx_hal_dma_ex.o ABSOLUTE
    ../Drivers/STM32F4xx_HAL_Driver/Src/stm32f4xx_hal_flash.c 0x00000000   Number         0  stm32f4xx_hal_flash.o ABSOLUTE
    ../Drivers/STM32F4xx_HAL_Driver/Src/stm32f4xx_hal_flash_ex.c 0x00000000   Number         0  stm32f4xx_hal_flash_ex.o ABSOLUTE
    ../Drivers/STM32F4xx_HAL_Driver/Src/stm32f4xx_hal_flash_ramfunc.c 0x00000000   Number         0  stm32f4xx_hal_flash_ramfunc.o ABSOLUTE
    ../Drivers/STM32F4xx_HAL_Driver/Src/stm32f4xx_hal_gpio.c 0x00000000   Number         0  stm32f4xx_hal_gpio.o ABSOLUTE
    ../Drivers/STM32F4xx_HAL_Driver/Src/stm32f4xx_hal_pwr.c 0x00000000   Number         0  stm32f4xx_hal_pwr.o ABSOLUTE
    ../Drivers/STM32F4xx_HAL_Driver/Src/stm32f4xx_hal_pwr_ex.c 0x00000000   Number         0  stm32f4xx_hal_pwr_ex.o ABSOLUTE
    ../Drivers/STM32F4xx_HAL_Driver/Src/stm32f4xx_hal_rcc.c 0x00000000   Number         0  stm32f4xx_hal_rcc.o ABSOLUTE
    ../Drivers/STM32F4xx_HAL_Driver/Src/stm32f4xx_hal_rcc_ex.c 0x00000000   Number         0  stm32f4xx_hal_rcc_ex.o ABSOLUTE
    ../Drivers/STM32F4xx_HAL_Driver/Src/stm32f4xx_hal_spi.c 0x00000000   Number         0  stm32f4xx_hal_spi.o ABSOLUTE
    ../Drivers/STM32F4xx_HAL_Driver/Src/stm32f4xx_hal_tim.c 0x00000000   Number         0  stm32f4xx_hal_tim.o ABSOLUTE
    ../Drivers/STM32F4xx_HAL_Driver/Src/stm32f4xx_hal_tim_ex.c 0x00000000   Number         0  stm32f4xx_hal_tim_ex.o ABSOLUTE
    ../Drivers/STM32F4xx_HAL_Driver/Src/stm32f4xx_hal_uart.c 0x00000000   Number         0  stm32f4xx_hal_uart.o ABSOLUTE
    ../Src/gpio.c                            0x00000000   Number         0  gpio.o ABSOLUTE
    ../Src/main.c                            0x00000000   Number         0  main.o ABSOLUTE
    ../Src/spi.c                             0x00000000   Number         0  spi.o ABSOLUTE
    ../Src/stm32f4xx_hal_msp.c               0x00000000   Number         0  stm32f4xx_hal_msp.o ABSOLUTE
    ../Src/stm32f4xx_it.c                    0x00000000   Number         0  stm32f4xx_it.o ABSOLUTE
    ../Src/system_stm32f4xx.c                0x00000000   Number         0  system_stm32f4xx.o ABSOLUTE
    ../Src/usart.c                           0x00000000   Number         0  usart.o ABSOLUTE
    ../clib/microlib/division.c              0x00000000   Number         0  uidiv.o ABSOLUTE
    ../clib/microlib/division.c              0x00000000   Number         0  uldiv.o ABSOLUTE
    ../clib/microlib/errno.c                 0x00000000   Number         0  errno.o ABSOLUTE
    ../clib/microlib/init/entry.s            0x00000000   Number         0  entry11a.o ABSOLUTE
    ../clib/microlib/init/entry.s            0x00000000   Number         0  entry10b.o ABSOLUTE
    ../clib/microlib/init/entry.s            0x00000000   Number         0  entry2.o ABSOLUTE
    ../clib/microlib/init/entry.s            0x00000000   Number         0  entry.o ABSOLUTE
    ../clib/microlib/init/entry.s            0x00000000   Number         0  entry8b.o ABSOLUTE
    ../clib/microlib/init/entry.s            0x00000000   Number         0  entry5.o ABSOLUTE
    ../clib/microlib/init/entry.s            0x00000000   Number         0  entry7a.o ABSOLUTE
    ../clib/microlib/init/entry.s            0x00000000   Number         0  entry7b.o ABSOLUTE
    ../clib/microlib/init/entry.s            0x00000000   Number         0  entry8a.o ABSOLUTE
    ../clib/microlib/init/entry.s            0x00000000   Number         0  entry9a.o ABSOLUTE
    ../clib/microlib/init/entry.s            0x00000000   Number         0  entry10a.o ABSOLUTE
    ../clib/microlib/init/entry.s            0x00000000   Number         0  entry9b.o ABSOLUTE
    ../clib/microlib/init/entry.s            0x00000000   Number         0  entry11b.o ABSOLUTE
    ../clib/microlib/longlong.c              0x00000000   Number         0  llushr.o ABSOLUTE
    ../clib/microlib/longlong.c              0x00000000   Number         0  llshl.o ABSOLUTE
    ../clib/microlib/longlong.c              0x00000000   Number         0  llsshr.o ABSOLUTE
    ../clib/microlib/printf/printf.c         0x00000000   Number         0  printfa.o ABSOLUTE
    ../clib/microlib/printf/printf.c         0x00000000   Number         0  printf2.o ABSOLUTE
    ../clib/microlib/printf/printf.c         0x00000000   Number         0  printf0.o ABSOLUTE
    ../clib/microlib/printf/printf.c         0x00000000   Number         0  printf1.o ABSOLUTE
    ../clib/microlib/printf/printf.c         0x00000000   Number         0  printf3.o ABSOLUTE
    ../clib/microlib/printf/printf.c         0x00000000   Number         0  printf4.o ABSOLUTE
    ../clib/microlib/printf/printf.c         0x00000000   Number         0  printf5.o ABSOLUTE
    ../clib/microlib/printf/printf.c         0x00000000   Number         0  printfb.o ABSOLUTE
    ../clib/microlib/printf/printf.c         0x00000000   Number         0  printf6.o ABSOLUTE
    ../clib/microlib/printf/printf.c         0x00000000   Number         0  printf7.o ABSOLUTE
    ../clib/microlib/printf/printf.c         0x00000000   Number         0  printf8.o ABSOLUTE
    ../clib/microlib/printf/stubs.s          0x00000000   Number         0  stubs.o ABSOLUTE
    ../clib/microlib/stdio/fputc.c           0x00000000   Number         0  fputc.o ABSOLUTE
    ../clib/microlib/stdio/semi.s            0x00000000   Number         0  semi.o ABSOLUTE
    ../clib/microlib/stdio/streams.c         0x00000000   Number         0  stdout.o ABSOLUTE
    ../clib/microlib/string/memcpy.c         0x00000000   Number         0  memcpya.o ABSOLUTE
    ../clib/microlib/string/memcpy.c         0x00000000   Number         0  memcpyb.o ABSOLUTE
    ../clib/microlib/string/strcat.c         0x00000000   Number         0  strcat.o ABSOLUTE
    ../clib/microlib/string/strcpy.c         0x00000000   Number         0  strcpy.o ABSOLUTE
    ../clib/microlib/string/strncmp.c        0x00000000   Number         0  strncmp.o ABSOLUTE
    ../clib/microlib/stubs.s                 0x00000000   Number         0  iusefp.o ABSOLUTE
    ../clib/microlib/stubs.s                 0x00000000   Number         0  iusesemip.o ABSOLUTE
    ../fplib/microlib/d2f.c                  0x00000000   Number         0  d2f.o ABSOLUTE
    ../fplib/microlib/f2d.c                  0x00000000   Number         0  f2d.o ABSOLUTE
    ../fplib/microlib/fpadd.c                0x00000000   Number         0  dadd.o ABSOLUTE
    ../fplib/microlib/fpdiv.c                0x00000000   Number         0  ddiv.o ABSOLUTE
    ../fplib/microlib/fpepilogue.c           0x00000000   Number         0  fepilogue.o ABSOLUTE
    ../fplib/microlib/fpepilogue.c           0x00000000   Number         0  depilogue.o ABSOLUTE
    ../fplib/microlib/fpfix.c                0x00000000   Number         0  dfixul.o ABSOLUTE
    ../fplib/microlib/fpfix.c                0x00000000   Number         0  dfixui.o ABSOLUTE
    ../fplib/microlib/fpfix.c                0x00000000   Number         0  dfixi.o ABSOLUTE
    ../fplib/microlib/fpflt.c                0x00000000   Number         0  dfltui.o ABSOLUTE
    ../fplib/microlib/fpflt.c                0x00000000   Number         0  dflti.o ABSOLUTE
    ../fplib/microlib/fpmul.c                0x00000000   Number         0  dmul.o ABSOLUTE
    ../fplib/microlib/fpneg.c                0x00000000   Number         0  dneg.o ABSOLUTE
    ../mathlib/cos_i.c                       0x00000000   Number         0  cos_i.o ABSOLUTE
    ../mathlib/dunder.c                      0x00000000   Number         0  dunder.o ABSOLUTE
    ../mathlib/fabs.c                        0x00000000   Number         0  fabs.o ABSOLUTE
    ../mathlib/fpclassify.c                  0x00000000   Number         0  fpclassify.o ABSOLUTE
    ../mathlib/poly.c                        0x00000000   Number         0  poly.o ABSOLUTE
    ../mathlib/rred.c                        0x00000000   Number         0  rred.o ABSOLUTE
    ../mathlib/sin.c                         0x00000000   Number         0  sin_x.o ABSOLUTE
    ../mathlib/sin.c                         0x00000000   Number         0  sin.o ABSOLUTE
    ../mathlib/sin_i.c                       0x00000000   Number         0  sin_i_x.o ABSOLUTE
    ../mathlib/sin_i.c                       0x00000000   Number         0  sin_i.o ABSOLUTE
    ..\..\..\..\..\Downloads\tm_stm32f4_pcd8544\tm_stm32f4_pcd8544.c 0x00000000   Number         0  tm_stm32f4_pcd8544.o ABSOLUTE
    ..\Drivers\STM32F4xx_HAL_Driver\Src\stm32f4xx_hal.c 0x00000000   Number         0  stm32f4xx_hal.o ABSOLUTE
    ..\Drivers\STM32F4xx_HAL_Driver\Src\stm32f4xx_hal_cortex.c 0x00000000   Number         0  stm32f4xx_hal_cortex.o ABSOLUTE
    ..\Drivers\STM32F4xx_HAL_Driver\Src\stm32f4xx_hal_dma.c 0x00000000   Number         0  stm32f4xx_hal_dma.o ABSOLUTE
    ..\Drivers\STM32F4xx_HAL_Driver\Src\stm32f4xx_hal_dma_ex.c 0x00000000   Number         0  stm32f4xx_hal_dma_ex.o ABSOLUTE
    ..\Drivers\STM32F4xx_HAL_Driver\Src\stm32f4xx_hal_flash.c 0x00000000   Number         0  stm32f4xx_hal_flash.o ABSOLUTE
    ..\Drivers\STM32F4xx_HAL_Driver\Src\stm32f4xx_hal_flash_ex.c 0x00000000   Number         0  stm32f4xx_hal_flash_ex.o ABSOLUTE
    ..\Drivers\STM32F4xx_HAL_Driver\Src\stm32f4xx_hal_flash_ramfunc.c 0x00000000   Number         0  stm32f4xx_hal_flash_ramfunc.o ABSOLUTE
    ..\Drivers\STM32F4xx_HAL_Driver\Src\stm32f4xx_hal_gpio.c 0x00000000   Number         0  stm32f4xx_hal_gpio.o ABSOLUTE
    ..\Drivers\STM32F4xx_HAL_Driver\Src\stm32f4xx_hal_pwr.c 0x00000000   Number         0  stm32f4xx_hal_pwr.o ABSOLUTE
    ..\Drivers\STM32F4xx_HAL_Driver\Src\stm32f4xx_hal_pwr_ex.c 0x00000000   Number         0  stm32f4xx_hal_pwr_ex.o ABSOLUTE
    ..\Drivers\STM32F4xx_HAL_Driver\Src\stm32f4xx_hal_rcc.c 0x00000000   Number         0  stm32f4xx_hal_rcc.o ABSOLUTE
    ..\Drivers\STM32F4xx_HAL_Driver\Src\stm32f4xx_hal_rcc_ex.c 0x00000000   Number         0  stm32f4xx_hal_rcc_ex.o ABSOLUTE
    ..\Drivers\STM32F4xx_HAL_Driver\Src\stm32f4xx_hal_spi.c 0x00000000   Number         0  stm32f4xx_hal_spi.o ABSOLUTE
    ..\Drivers\STM32F4xx_HAL_Driver\Src\stm32f4xx_hal_tim.c 0x00000000   Number         0  stm32f4xx_hal_tim.o ABSOLUTE
    ..\Drivers\STM32F4xx_HAL_Driver\Src\stm32f4xx_hal_tim_ex.c 0x00000000   Number         0  stm32f4xx_hal_tim_ex.o ABSOLUTE
    ..\Drivers\STM32F4xx_HAL_Driver\Src\stm32f4xx_hal_uart.c 0x00000000   Number         0  stm32f4xx_hal_uart.o ABSOLUTE
    ..\Src\espWiFi.c                         0x00000000   Number         0  espwifi.o ABSOLUTE
    ..\Src\gpio.c                            0x00000000   Number         0  gpio.o ABSOLUTE
    ..\Src\main.c                            0x00000000   Number         0  main.o ABSOLUTE
    ..\Src\spi.c                             0x00000000   Number         0  spi.o ABSOLUTE
    ..\Src\stm32f4xx_hal_msp.c               0x00000000   Number         0  stm32f4xx_hal_msp.o ABSOLUTE
    ..\Src\stm32f4xx_it.c                    0x00000000   Number         0  stm32f4xx_it.o ABSOLUTE
    ..\Src\system_stm32f4xx.c                0x00000000   Number         0  system_stm32f4xx.o ABSOLUTE
    ..\Src\testFunc.c                        0x00000000   Number         0  testfunc.o ABSOLUTE
    ..\Src\usart.c                           0x00000000   Number         0  usart.o ABSOLUTE
    ..\\Src\\espWiFi.c                       0x00000000   Number         0  espwifi.o ABSOLUTE
    ..\\Src\\testFunc.c                      0x00000000   Number         0  testfunc.o ABSOLUTE
    cdrcmple.s                               0x00000000   Number         0  cdrcmple.o ABSOLUTE
    dc.s                                     0x00000000   Number         0  dc.o ABSOLUTE
    handlers.s                               0x00000000   Number         0  handlers.o ABSOLUTE
    init.s                                   0x00000000   Number         0  init.o ABSOLUTE
    startup_stm32f410rx.s                    0x00000000   Number         0  startup_stm32f410rx.o ABSOLUTE
    RESET                                    0x08000000   Section      456  startup_stm32f410rx.o(RESET)
    .ARM.Collect$$$$00000000                 0x080001c8   Section        0  entry.o(.ARM.Collect$$$$00000000)
    .ARM.Collect$$$$00000001                 0x080001c8   Section        4  entry2.o(.ARM.Collect$$$$00000001)
    .ARM.Collect$$$$00000004                 0x080001cc   Section        4  entry5.o(.ARM.Collect$$$$00000004)
    .ARM.Collect$$$$00000008                 0x080001d0   Section        0  entry7b.o(.ARM.Collect$$$$00000008)
    .ARM.Collect$$$$0000000A                 0x080001d0   Section        0  entry8b.o(.ARM.Collect$$$$0000000A)
    .ARM.Collect$$$$0000000B                 0x080001d0   Section        8  entry9a.o(.ARM.Collect$$$$0000000B)
    .ARM.Collect$$$$0000000D                 0x080001d8   Section        0  entry10a.o(.ARM.Collect$$$$0000000D)
    .ARM.Collect$$$$0000000F                 0x080001d8   Section        0  entry11a.o(.ARM.Collect$$$$0000000F)
    .ARM.Collect$$$$00002712                 0x080001d8   Section        4  entry2.o(.ARM.Collect$$$$00002712)
    __lit__00000000                          0x080001d8   Data           4  entry2.o(.ARM.Collect$$$$00002712)
    .text                                    0x080001dc   Section       36  startup_stm32f410rx.o(.text)
    $v0                                      0x080001dc   Number         0  startup_stm32f410rx.o(.text)
    .text                                    0x08000200   Section        0  memcpya.o(.text)
    .text                                    0x08000224   Section        0  strcat.o(.text)
    .text                                    0x0800023c   Section        0  strcpy.o(.text)
    .text                                    0x0800024e   Section        0  strncmp.o(.text)
    .text                                    0x0800026c   Section        0  dmul.o(.text)
    .text                                    0x08000350   Section        0  ddiv.o(.text)
    .text                                    0x0800042e   Section        0  dflti.o(.text)
    .text                                    0x08000450   Section        0  dfltui.o(.text)
    .text                                    0x0800046a   Section        0  dfixi.o(.text)
    .text                                    0x080004a8   Section        0  dfixui.o(.text)
    .text                                    0x080004da   Section        0  f2d.o(.text)
    .text                                    0x08000500   Section        0  d2f.o(.text)
    .text                                    0x08000538   Section        0  uidiv.o(.text)
    .text                                    0x08000564   Section        0  uldiv.o(.text)
    .text                                    0x080005c6   Section        0  llushr.o(.text)
    .text                                    0x080005e6   Section        0  fepilogue.o(.text)
    .text                                    0x080005e6   Section        0  iusefp.o(.text)
    .text                                    0x08000654   Section        0  depilogue.o(.text)
    .text                                    0x0800070e   Section        0  dadd.o(.text)
    .text                                    0x0800085c   Section        0  dfixul.o(.text)
    .text                                    0x0800088c   Section       48  cdrcmple.o(.text)
    .text                                    0x080008bc   Section       36  init.o(.text)
    .text                                    0x080008e0   Section        0  llshl.o(.text)
    .text                                    0x080008fe   Section        0  llsshr.o(.text)
    i.ADE7953_CS_HIGH                        0x08000924   Section        0  testfunc.o(i.ADE7953_CS_HIGH)
    i.ADE7953_CS_LOW                         0x08000934   Section        0  testfunc.o(i.ADE7953_CS_LOW)
    i.ADE7953_CalculateRegisterValue16_Signed 0x08000944   Section        0  testfunc.o(i.ADE7953_CalculateRegisterValue16_Signed)
    i.ADE7953_CalculateRegisterValue32       0x080009f8   Section        0  testfunc.o(i.ADE7953_CalculateRegisterValue32)
    i.ADE7953_CalculateRegisterValue32_Signed 0x08000ab4   Section        0  testfunc.o(i.ADE7953_CalculateRegisterValue32_Signed)
    i.ADE7953_RES_HIGH                       0x08000c40   Section        0  testfunc.o(i.ADE7953_RES_HIGH)
    i.ADE7953_RES_LOW                        0x08000c50   Section        0  testfunc.o(i.ADE7953_RES_LOW)
    i.ADE7953_RegisterValue16                0x08000c60   Section        0  testfunc.o(i.ADE7953_RegisterValue16)
    i.ADE7953_RegisterValue16_Signed         0x08000ca8   Section        0  testfunc.o(i.ADE7953_RegisterValue16_Signed)
    i.ADE7953_RegisterValue32                0x08000cf0   Section        0  testfunc.o(i.ADE7953_RegisterValue32)
    i.ADE7953_RegisterValue32_Signed         0x08000d6c   Section        0  testfunc.o(i.ADE7953_RegisterValue32_Signed)
    i.ADE7953_RegisterValue8                 0x08000df8   Section        0  testfunc.o(i.ADE7953_RegisterValue8)
    i.ADE7953_SPI_Read                       0x08000e40   Section        0  testfunc.o(i.ADE7953_SPI_Read)
    i.ADE7953_SPI_Read16                     0x08000e60   Section        0  testfunc.o(i.ADE7953_SPI_Read16)
    i.ADE7953_SPI_Read32                     0x08000ea8   Section        0  testfunc.o(i.ADE7953_SPI_Read32)
    i.ADE7953_SPI_Read32_Signed              0x08000f0c   Section        0  testfunc.o(i.ADE7953_SPI_Read32_Signed)
    i.ADE7953_SPI_Read8                      0x08000f84   Section        0  testfunc.o(i.ADE7953_SPI_Read8)
    i.ADE7953_SPI_Write16                    0x08000fc0   Section        0  testfunc.o(i.ADE7953_SPI_Write16)
    i.ADE7953_SPI_Write32                    0x08001006   Section        0  testfunc.o(i.ADE7953_SPI_Write32)
    i.ADE7953_SPI_Write8                     0x0800105c   Section        0  testfunc.o(i.ADE7953_SPI_Write8)
    i.ADE7953_SetGain                        0x08001098   Section        0  testfunc.o(i.ADE7953_SetGain)
    i.ADE7953_init                           0x080010c8   Section        0  testfunc.o(i.ADE7953_init)
    i.ADE7953_reset                          0x08001144   Section        0  testfunc.o(i.ADE7953_reset)
    i.BusFault_Handler                       0x08001158   Section        0  stm32f4xx_it.o(i.BusFault_Handler)
    i.DebugMon_Handler                       0x0800115a   Section        0  stm32f4xx_it.o(i.DebugMon_Handler)
    i.Error_Handler                          0x0800115c   Section        0  main.o(i.Error_Handler)
    i.EspChechTime                           0x08001160   Section        0  espwifi.o(i.EspChechTime)
    i.EspSendCSVToEmoncms                    0x0800121c   Section        0  espwifi.o(i.EspSendCSVToEmoncms)
    i.EspUpdateTime                          0x080014b0   Section        0  espwifi.o(i.EspUpdateTime)
    i.HAL_DMA_Abort_IT                       0x08001510   Section        0  stm32f4xx_hal_dma.o(i.HAL_DMA_Abort_IT)
    i.HAL_Delay                              0x08001534   Section        0  stm32f4xx_hal.o(i.HAL_Delay)
    i.HAL_GPIO_Init                          0x08001550   Section        0  stm32f4xx_hal_gpio.o(i.HAL_GPIO_Init)
    i.HAL_GPIO_ReadPin                       0x080016bc   Section        0  stm32f4xx_hal_gpio.o(i.HAL_GPIO_ReadPin)
    i.HAL_GPIO_WritePin                      0x080016c6   Section        0  stm32f4xx_hal_gpio.o(i.HAL_GPIO_WritePin)
    i.HAL_GetTick                            0x080016d0   Section        0  stm32f4xx_hal.o(i.HAL_GetTick)
    i.HAL_IncTick                            0x080016dc   Section        0  stm32f4xx_hal.o(i.HAL_IncTick)
    i.HAL_Init                               0x080016ec   Section        0  stm32f4xx_hal.o(i.HAL_Init)
    i.HAL_InitTick                           0x08001720   Section        0  stm32f4xx_hal.o(i.HAL_InitTick)
    i.HAL_MspInit                            0x08001748   Section        0  stm32f4xx_hal_msp.o(i.HAL_MspInit)
    i.HAL_NVIC_EnableIRQ                     0x080017a0   Section        0  stm32f4xx_hal_cortex.o(i.HAL_NVIC_EnableIRQ)
    i.HAL_NVIC_SetPriority                   0x080017b8   Section        0  stm32f4xx_hal_cortex.o(i.HAL_NVIC_SetPriority)
    i.HAL_NVIC_SetPriorityGrouping           0x080017f8   Section        0  stm32f4xx_hal_cortex.o(i.HAL_NVIC_SetPriorityGrouping)
    i.HAL_RCC_ClockConfig                    0x0800181c   Section        0  stm32f4xx_hal_rcc.o(i.HAL_RCC_ClockConfig)
    i.HAL_RCC_GetHCLKFreq                    0x08001998   Section        0  stm32f4xx_hal_rcc.o(i.HAL_RCC_GetHCLKFreq)
    i.HAL_RCC_GetPCLK1Freq                   0x080019a4   Section        0  stm32f4xx_hal_rcc.o(i.HAL_RCC_GetPCLK1Freq)
    i.HAL_RCC_GetPCLK2Freq                   0x080019d4   Section        0  stm32f4xx_hal_rcc.o(i.HAL_RCC_GetPCLK2Freq)
    i.HAL_RCC_GetSysClockFreq                0x08001a04   Section        0  stm32f4xx_hal_rcc.o(i.HAL_RCC_GetSysClockFreq)
    i.HAL_RCC_OscConfig                      0x08001a74   Section        0  stm32f4xx_hal_rcc_ex.o(i.HAL_RCC_OscConfig)
    i.HAL_SPI_ErrorCallback                  0x08001d9c   Section        0  stm32f4xx_hal_spi.o(i.HAL_SPI_ErrorCallback)
    i.HAL_SPI_IRQHandler                     0x08001da0   Section        0  stm32f4xx_hal_spi.o(i.HAL_SPI_IRQHandler)
    i.HAL_SPI_Init                           0x08001e74   Section        0  stm32f4xx_hal_spi.o(i.HAL_SPI_Init)
    i.HAL_SPI_MspInit                        0x08001ef4   Section        0  spi.o(i.HAL_SPI_MspInit)
    i.HAL_SYSTICK_CLKSourceConfig            0x08001f88   Section        0  stm32f4xx_hal_cortex.o(i.HAL_SYSTICK_CLKSourceConfig)
    i.HAL_SYSTICK_Callback                   0x08001fa0   Section        0  stm32f4xx_hal_cortex.o(i.HAL_SYSTICK_Callback)
    i.HAL_SYSTICK_Config                     0x08001fa2   Section        0  stm32f4xx_hal_cortex.o(i.HAL_SYSTICK_Config)
    i.HAL_SYSTICK_IRQHandler                 0x08001fca   Section        0  stm32f4xx_hal_cortex.o(i.HAL_SYSTICK_IRQHandler)
    i.HAL_UART_ErrorCallback                 0x08001fd2   Section        0  stm32f4xx_hal_uart.o(i.HAL_UART_ErrorCallback)
    i.HAL_UART_IRQHandler                    0x08001fd4   Section        0  stm32f4xx_hal_uart.o(i.HAL_UART_IRQHandler)
    i.HAL_UART_Init                          0x080020e4   Section        0  stm32f4xx_hal_uart.o(i.HAL_UART_Init)
    i.HAL_UART_MspInit                       0x08002148   Section        0  usart.o(i.HAL_UART_MspInit)
    i.HAL_UART_Receive                       0x080021f4   Section        0  stm32f4xx_hal_uart.o(i.HAL_UART_Receive)
    i.HAL_UART_RxCpltCallback                0x080022ac   Section        0  stm32f4xx_hal_uart.o(i.HAL_UART_RxCpltCallback)
    i.HAL_UART_TxCpltCallback                0x080022ae   Section        0  stm32f4xx_hal_uart.o(i.HAL_UART_TxCpltCallback)
    i.HardFault_Handler                      0x080022b0   Section        0  stm32f4xx_it.o(i.HardFault_Handler)
    i.MX_GPIO_Init                           0x080022b4   Section        0  gpio.o(i.MX_GPIO_Init)
    i.MX_SPI1_Init                           0x0800238c   Section        0  spi.o(i.MX_SPI1_Init)
    i.MX_USART2_UART_Init                    0x080023d4   Section        0  usart.o(i.MX_USART2_UART_Init)
    i.MX_USART6_UART_Init                    0x0800240c   Section        0  usart.o(i.MX_USART6_UART_Init)
    i.MemManage_Handler                      0x08002444   Section        0  stm32f4xx_it.o(i.MemManage_Handler)
    i.NMI_Handler                            0x08002446   Section        0  stm32f4xx_it.o(i.NMI_Handler)
    i.NVIC_SetPriority                       0x08002448   Section        0  stm32f4xx_hal_cortex.o(i.NVIC_SetPriority)
    NVIC_SetPriority                         0x08002449   Thumb Code    32  stm32f4xx_hal_cortex.o(i.NVIC_SetPriority)
    i.PendSV_Handler                         0x08002468   Section        0  stm32f4xx_it.o(i.PendSV_Handler)
    i.RCC_IRQHandler                         0x0800246a   Section        0  stm32f4xx_it.o(i.RCC_IRQHandler)
    i.SPI1_IRQHandler                        0x0800246c   Section        0  stm32f4xx_it.o(i.SPI1_IRQHandler)
    i.SPI2_IRQHandler                        0x08002478   Section        0  stm32f4xx_it.o(i.SPI2_IRQHandler)
    i.SPI_DMAAbortOnError                    0x08002484   Section        0  stm32f4xx_hal_spi.o(i.SPI_DMAAbortOnError)
    SPI_DMAAbortOnError                      0x08002485   Thumb Code    16  stm32f4xx_hal_spi.o(i.SPI_DMAAbortOnError)
    i.SVC_Handler                            0x08002494   Section        0  stm32f4xx_it.o(i.SVC_Handler)
    i.SysTick_Handler                        0x08002496   Section        0  stm32f4xx_it.o(i.SysTick_Handler)
    i.SystemClock_Config                     0x080024a4   Section        0  main.o(i.SystemClock_Config)
    i.SystemInit                             0x0800252c   Section        0  system_stm32f4xx.o(i.SystemInit)
    i.UART_DMAAbortOnError                   0x08002580   Section        0  stm32f4xx_hal_uart.o(i.UART_DMAAbortOnError)
    UART_DMAAbortOnError                     0x08002581   Thumb Code    16  stm32f4xx_hal_uart.o(i.UART_DMAAbortOnError)
    i.UART_EndRxTransfer                     0x08002590   Section        0  stm32f4xx_hal_uart.o(i.UART_EndRxTransfer)
    UART_EndRxTransfer                       0x08002591   Thumb Code    28  stm32f4xx_hal_uart.o(i.UART_EndRxTransfer)
    i.UART_Receive_IT                        0x080025ac   Section        0  stm32f4xx_hal_uart.o(i.UART_Receive_IT)
    UART_Receive_IT                          0x080025ad   Thumb Code   140  stm32f4xx_hal_uart.o(i.UART_Receive_IT)
    i.UART_SetConfig                         0x08002638   Section        0  stm32f4xx_hal_uart.o(i.UART_SetConfig)
    UART_SetConfig                           0x08002639   Thumb Code   676  stm32f4xx_hal_uart.o(i.UART_SetConfig)
    i.UART_Transmit_IT                       0x080028e4   Section        0  stm32f4xx_hal_uart.o(i.UART_Transmit_IT)
    UART_Transmit_IT                         0x080028e5   Thumb Code    98  stm32f4xx_hal_uart.o(i.UART_Transmit_IT)
    i.UART_WaitOnFlagUntilTimeout            0x08002946   Section        0  stm32f4xx_hal_uart.o(i.UART_WaitOnFlagUntilTimeout)
    UART_WaitOnFlagUntilTimeout              0x08002947   Thumb Code   100  stm32f4xx_hal_uart.o(i.UART_WaitOnFlagUntilTimeout)
    i.USART1_IRQHandler                      0x080029aa   Section        0  stm32f4xx_it.o(i.USART1_IRQHandler)
    i.USART2_IRQHandler                      0x080029ac   Section        0  stm32f4xx_it.o(i.USART2_IRQHandler)
    i.USART6_IRQHandler                      0x080029b8   Section        0  stm32f4xx_it.o(i.USART6_IRQHandler)
    i.USART_Puts                             0x080029ba   Section        0  usart.o(i.USART_Puts)
    i.UsageFault_Handler                     0x080029d4   Section        0  stm32f4xx_it.o(i.UsageFault_Handler)
    i.UsartInteger                           0x080029d8   Section        0  usart.o(i.UsartInteger)
    i.Usartfloat                             0x08002a04   Section        0  usart.o(i.Usartfloat)
    i.__0sprintf                             0x08002a38   Section        0  printfa.o(i.__0sprintf)
    i.__ARM_fpclassify                       0x08002a60   Section        0  fpclassify.o(i.__ARM_fpclassify)
    i.__hardfp_sin                           0x08002a90   Section        0  sin.o(i.__hardfp_sin)
    i.__ieee754_rem_pio2                     0x08002b58   Section        0  rred.o(i.__ieee754_rem_pio2)
    i.__kernel_cos                           0x08002f90   Section        0  cos_i.o(i.__kernel_cos)
    i.__kernel_poly                          0x08003100   Section        0  poly.o(i.__kernel_poly)
    i.__kernel_sin                           0x080031f8   Section        0  sin_i.o(i.__kernel_sin)
    i.__mathlib_dbl_infnan                   0x08003328   Section        0  dunder.o(i.__mathlib_dbl_infnan)
    i.__mathlib_dbl_invalid                  0x08003340   Section        0  dunder.o(i.__mathlib_dbl_invalid)
    i.__mathlib_dbl_underflow                0x08003360   Section        0  dunder.o(i.__mathlib_dbl_underflow)
    i.__scatterload_copy                     0x08003380   Section       14  handlers.o(i.__scatterload_copy)
    i.__scatterload_null                     0x0800338e   Section        2  handlers.o(i.__scatterload_null)
    i.__scatterload_zeroinit                 0x08003390   Section       14  handlers.o(i.__scatterload_zeroinit)
    i.__set_errno                            0x080033a0   Section        0  errno.o(i.__set_errno)
    i._fp_digits                             0x080033ac   Section        0  printfa.o(i._fp_digits)
    _fp_digits                               0x080033ad   Thumb Code   366  printfa.o(i._fp_digits)
    i._printf_core                           0x08003530   Section        0  printfa.o(i._printf_core)
    _printf_core                             0x08003531   Thumb Code  1744  printfa.o(i._printf_core)
    i._printf_post_padding                   0x08003c0c   Section        0  printfa.o(i._printf_post_padding)
    _printf_post_padding                     0x08003c0d   Thumb Code    36  printfa.o(i._printf_post_padding)
    i._printf_pre_padding                    0x08003c30   Section        0  printfa.o(i._printf_pre_padding)
    _printf_pre_padding                      0x08003c31   Thumb Code    46  printfa.o(i._printf_pre_padding)
    i._sputc                                 0x08003c5e   Section        0  printfa.o(i._sputc)
    _sputc                                   0x08003c5f   Thumb Code    10  printfa.o(i._sputc)
    i.fabs                                   0x08003c68   Section        0  fabs.o(i.fabs)
    i.main                                   0x08003c80   Section        0  main.o(i.main)
    i.sortFrameReadSPI                       0x08004090   Section        0  testfunc.o(i.sortFrameReadSPI)
    i.sortFrameWriteSPI_16                   0x0800409a   Section        0  testfunc.o(i.sortFrameWriteSPI_16)
    i.sortFrameWriteSPI_32                   0x080040aa   Section        0  testfunc.o(i.sortFrameWriteSPI_32)
    i.sortFrameWriteSPI_8                    0x080040c4   Section        0  testfunc.o(i.sortFrameWriteSPI_8)
    .constdata                               0x080040d0   Section       16  system_stm32f4xx.o(.constdata)
    .constdata                               0x080040e0   Section        8  system_stm32f4xx.o(.constdata)
    .constdata                               0x080040e8   Section       48  cos_i.o(.constdata)
    C                                        0x080040e8   Data          48  cos_i.o(.constdata)
    .constdata                               0x08004118   Section      200  rred.o(.constdata)
    pio2s                                    0x08004118   Data          48  rred.o(.constdata)
    twooverpi                                0x08004148   Data         152  rred.o(.constdata)
    .constdata                               0x080041e0   Section       40  sin_i.o(.constdata)
    S                                        0x080041e0   Data          40  sin_i.o(.constdata)
    .data                                    0x20000000   Section        4  system_stm32f4xx.o(.data)
    .data                                    0x20000004   Section        1  main.o(.data)
    .data                                    0x20000008   Section        4  stm32f4xx_hal.o(.data)
    .data                                    0x2000000c   Section        4  errno.o(.data)
    _errno                                   0x2000000c   Data           4  errno.o(.data)
    .bss                                     0x20000010   Section      192  usart.o(.bss)
    .bss                                     0x200000d0   Section      176  spi.o(.bss)
    STACK                                    0x20000180   Section     1024  startup_stm32f410rx.o(STACK)

    Global Symbols

    Symbol Name                              Value     Ov Type        Size  Object(Section)

    BuildAttributes$$THM_ISAv4$E$P$D$K$B$S$7EM$VFPi3$EXTD16$VFPS$VFMA$PE$A:L22UL41UL21$X:L11$S22US41US21$IEEE1$IW$USESV6$~STKCKD$USESV7$~SHL$OTIME$ROPI$IEEEX$EBA8$MICROLIB$REQ8$PRES8$EABIv2 0x00000000   Number         0  anon$$obj.o ABSOLUTE
    __ARM_use_no_argv                        0x00000000   Number         0  main.o ABSOLUTE
    _printf_a                                0x00000000   Number         0  stubs.o ABSOLUTE
    _printf_c                                0x00000000   Number         0  stubs.o ABSOLUTE
    _printf_charcount                        0x00000000   Number         0  stubs.o ABSOLUTE
    _printf_d                                0x00000000   Number         0  stubs.o ABSOLUTE
    _printf_e                                0x00000000   Number         0  stubs.o ABSOLUTE
    _printf_f                                0x00000000   Number         0  stubs.o ABSOLUTE
    _printf_flags                            0x00000000   Number         0  stubs.o ABSOLUTE
    _printf_fp_dec                           0x00000000   Number         0  stubs.o ABSOLUTE
    _printf_fp_hex                           0x00000000   Number         0  stubs.o ABSOLUTE
    _printf_g                                0x00000000   Number         0  stubs.o ABSOLUTE
    _printf_i                                0x00000000   Number         0  stubs.o ABSOLUTE
    _printf_int_dec                          0x00000000   Number         0  stubs.o ABSOLUTE
    _printf_l                                0x00000000   Number         0  stubs.o ABSOLUTE
    _printf_lc                               0x00000000   Number         0  stubs.o ABSOLUTE
    _printf_ll                               0x00000000   Number         0  stubs.o ABSOLUTE
    _printf_lld                              0x00000000   Number         0  stubs.o ABSOLUTE
    _printf_lli                              0x00000000   Number         0  stubs.o ABSOLUTE
    _printf_llo                              0x00000000   Number         0  stubs.o ABSOLUTE
    _printf_llu                              0x00000000   Number         0  stubs.o ABSOLUTE
    _printf_llx                              0x00000000   Number         0  stubs.o ABSOLUTE
    _printf_longlong_dec                     0x00000000   Number         0  stubs.o ABSOLUTE
    _printf_longlong_hex                     0x00000000   Number         0  stubs.o ABSOLUTE
    _printf_longlong_oct                     0x00000000   Number         0  stubs.o ABSOLUTE
    _printf_ls                               0x00000000   Number         0  stubs.o ABSOLUTE
    _printf_mbtowc                           0x00000000   Number         0  stubs.o ABSOLUTE
    _printf_n                                0x00000000   Number         0  stubs.o ABSOLUTE
    _printf_o                                0x00000000   Number         0  stubs.o ABSOLUTE
    _printf_p                                0x00000000   Number         0  stubs.o ABSOLUTE
    _printf_percent                          0x00000000   Number         0  stubs.o ABSOLUTE
    _printf_pre_padding                      0x00000000   Number         0  stubs.o ABSOLUTE
    _printf_return_value                     0x00000000   Number         0  stubs.o ABSOLUTE
    _printf_s                                0x00000000   Number         0  stubs.o ABSOLUTE
    _printf_sizespec                         0x00000000   Number         0  stubs.o ABSOLUTE
    _printf_str                              0x00000000   Number         0  stubs.o ABSOLUTE
    _printf_truncate_signed                  0x00000000   Number         0  stubs.o ABSOLUTE
    _printf_truncate_unsigned                0x00000000   Number         0  stubs.o ABSOLUTE
    _printf_u                                0x00000000   Number         0  stubs.o ABSOLUTE
    _printf_wc                               0x00000000   Number         0  stubs.o ABSOLUTE
    _printf_wctomb                           0x00000000   Number         0  stubs.o ABSOLUTE
    _printf_widthprec                        0x00000000   Number         0  stubs.o ABSOLUTE
    _printf_x                                0x00000000   Number         0  stubs.o ABSOLUTE
    __cpp_initialize__aeabi_                  - Undefined Weak Reference
    __cxa_finalize                            - Undefined Weak Reference
    __decompress                              - Undefined Weak Reference
    _clock_init                               - Undefined Weak Reference
    _microlib_exit                            - Undefined Weak Reference
    __Vectors_Size                           0x000001c8   Number         0  startup_stm32f410rx.o ABSOLUTE
    __Vectors                                0x08000000   Data           4  startup_stm32f410rx.o(RESET)
    __Vectors_End                            0x080001c8   Data           0  startup_stm32f410rx.o(RESET)
    __main                                   0x080001c9   Thumb Code     0  entry.o(.ARM.Collect$$$$00000000)
    _main_stk                                0x080001c9   Thumb Code     0  entry2.o(.ARM.Collect$$$$00000001)
    _main_scatterload                        0x080001cd   Thumb Code     0  entry5.o(.ARM.Collect$$$$00000004)
    __main_after_scatterload                 0x080001d1   Thumb Code     0  entry5.o(.ARM.Collect$$$$00000004)
    _main_clock                              0x080001d1   Thumb Code     0  entry7b.o(.ARM.Collect$$$$00000008)
    _main_cpp_init                           0x080001d1   Thumb Code     0  entry8b.o(.ARM.Collect$$$$0000000A)
    _main_init                               0x080001d1   Thumb Code     0  entry9a.o(.ARM.Collect$$$$0000000B)
    __rt_final_cpp                           0x080001d9   Thumb Code     0  entry10a.o(.ARM.Collect$$$$0000000D)
    __rt_final_exit                          0x080001d9   Thumb Code     0  entry11a.o(.ARM.Collect$$$$0000000F)
    Reset_Handler                            0x080001dd   Thumb Code     8  startup_stm32f410rx.o(.text)
    ADC_IRQHandler                           0x080001f7   Thumb Code     0  startup_stm32f410rx.o(.text)
    DMA1_Stream0_IRQHandler                  0x080001f7   Thumb Code     0  startup_stm32f410rx.o(.text)
    DMA1_Stream1_IRQHandler                  0x080001f7   Thumb Code     0  startup_stm32f410rx.o(.text)
    DMA1_Stream2_IRQHandler                  0x080001f7   Thumb Code     0  startup_stm32f410rx.o(.text)
    DMA1_Stream3_IRQHandler                  0x080001f7   Thumb Code     0  startup_stm32f410rx.o(.text)
    DMA1_Stream4_IRQHandler                  0x080001f7   Thumb Code     0  startup_stm32f410rx.o(.text)
    DMA1_Stream5_IRQHandler                  0x080001f7   Thumb Code     0  startup_stm32f410rx.o(.text)
    DMA1_Stream6_IRQHandler                  0x080001f7   Thumb Code     0  startup_stm32f410rx.o(.text)
    DMA1_Stream7_IRQHandler                  0x080001f7   Thumb Code     0  startup_stm32f410rx.o(.text)
    DMA2_Stream0_IRQHandler                  0x080001f7   Thumb Code     0  startup_stm32f410rx.o(.text)
    DMA2_Stream1_IRQHandler                  0x080001f7   Thumb Code     0  startup_stm32f410rx.o(.text)
    DMA2_Stream2_IRQHandler                  0x080001f7   Thumb Code     0  startup_stm32f410rx.o(.text)
    DMA2_Stream3_IRQHandler                  0x080001f7   Thumb Code     0  startup_stm32f410rx.o(.text)
    DMA2_Stream4_IRQHandler                  0x080001f7   Thumb Code     0  startup_stm32f410rx.o(.text)
    DMA2_Stream5_IRQHandler                  0x080001f7   Thumb Code     0  startup_stm32f410rx.o(.text)
    DMA2_Stream6_IRQHandler                  0x080001f7   Thumb Code     0  startup_stm32f410rx.o(.text)
    DMA2_Stream7_IRQHandler                  0x080001f7   Thumb Code     0  startup_stm32f410rx.o(.text)
    EXTI0_IRQHandler                         0x080001f7   Thumb Code     0  startup_stm32f410rx.o(.text)
    EXTI15_10_IRQHandler                     0x080001f7   Thumb Code     0  startup_stm32f410rx.o(.text)
    EXTI1_IRQHandler                         0x080001f7   Thumb Code     0  startup_stm32f410rx.o(.text)
    EXTI2_IRQHandler                         0x080001f7   Thumb Code     0  startup_stm32f410rx.o(.text)
    EXTI3_IRQHandler                         0x080001f7   Thumb Code     0  startup_stm32f410rx.o(.text)
    EXTI4_IRQHandler                         0x080001f7   Thumb Code     0  startup_stm32f410rx.o(.text)
    EXTI9_5_IRQHandler                       0x080001f7   Thumb Code     0  startup_stm32f410rx.o(.text)
    FLASH_IRQHandler                         0x080001f7   Thumb Code     0  startup_stm32f410rx.o(.text)
    FMPI2C1_ER_IRQHandler                    0x080001f7   Thumb Code     0  startup_stm32f410rx.o(.text)
    FMPI2C1_EV_IRQHandler                    0x080001f7   Thumb Code     0  startup_stm32f410rx.o(.text)
    FPU_IRQHandler                           0x080001f7   Thumb Code     0  startup_stm32f410rx.o(.text)
    I2C1_ER_IRQHandler                       0x080001f7   Thumb Code     0  startup_stm32f410rx.o(.text)
    I2C1_EV_IRQHandler                       0x080001f7   Thumb Code     0  startup_stm32f410rx.o(.text)
    I2C2_ER_IRQHandler                       0x080001f7   Thumb Code     0  startup_stm32f410rx.o(.text)
    I2C2_EV_IRQHandler                       0x080001f7   Thumb Code     0  startup_stm32f410rx.o(.text)
    LPTIM1_IRQHandler                        0x080001f7   Thumb Code     0  startup_stm32f410rx.o(.text)
    PVD_IRQHandler                           0x080001f7   Thumb Code     0  startup_stm32f410rx.o(.text)
    RNG_IRQHandler                           0x080001f7   Thumb Code     0  startup_stm32f410rx.o(.text)
    RTC_Alarm_IRQHandler                     0x080001f7   Thumb Code     0  startup_stm32f410rx.o(.text)
    RTC_WKUP_IRQHandler                      0x080001f7   Thumb Code     0  startup_stm32f410rx.o(.text)
    SPI5_IRQHandler                          0x080001f7   Thumb Code     0  startup_stm32f410rx.o(.text)
    TAMP_STAMP_IRQHandler                    0x080001f7   Thumb Code     0  startup_stm32f410rx.o(.text)
    TIM1_BRK_TIM9_IRQHandler                 0x080001f7   Thumb Code     0  startup_stm32f410rx.o(.text)
    TIM1_CC_IRQHandler                       0x080001f7   Thumb Code     0  startup_stm32f410rx.o(.text)
    TIM1_TRG_COM_TIM11_IRQHandler            0x080001f7   Thumb Code     0  startup_stm32f410rx.o(.text)
    TIM1_UP_IRQHandler                       0x080001f7   Thumb Code     0  startup_stm32f410rx.o(.text)
    TIM5_IRQHandler                          0x080001f7   Thumb Code     0  startup_stm32f410rx.o(.text)
    TIM6_DAC_IRQHandler                      0x080001f7   Thumb Code     0  startup_stm32f410rx.o(.text)
    WWDG_IRQHandler                          0x080001f7   Thumb Code     0  startup_stm32f410rx.o(.text)
    __aeabi_memcpy                           0x08000201   Thumb Code    36  memcpya.o(.text)
    __aeabi_memcpy4                          0x08000201   Thumb Code     0  memcpya.o(.text)
    __aeabi_memcpy8                          0x08000201   Thumb Code     0  memcpya.o(.text)
    strcat                                   0x08000225   Thumb Code    24  strcat.o(.text)
    strcpy                                   0x0800023d   Thumb Code    18  strcpy.o(.text)
    strncmp                                  0x0800024f   Thumb Code    30  strncmp.o(.text)
    __aeabi_dmul                             0x0800026d   Thumb Code   228  dmul.o(.text)
    __aeabi_ddiv                             0x08000351   Thumb Code   222  ddiv.o(.text)
    __aeabi_i2d                              0x0800042f   Thumb Code    34  dflti.o(.text)
    __aeabi_ui2d                             0x08000451   Thumb Code    26  dfltui.o(.text)
    __aeabi_d2iz                             0x0800046b   Thumb Code    62  dfixi.o(.text)
    __aeabi_d2uiz                            0x080004a9   Thumb Code    50  dfixui.o(.text)
    __aeabi_f2d                              0x080004db   Thumb Code    38  f2d.o(.text)
    __aeabi_d2f                              0x08000501   Thumb Code    56  d2f.o(.text)
    __aeabi_uidiv                            0x08000539   Thumb Code     0  uidiv.o(.text)
    __aeabi_uidivmod                         0x08000539   Thumb Code    44  uidiv.o(.text)
    __aeabi_uldivmod                         0x08000565   Thumb Code    98  uldiv.o(.text)
    __aeabi_llsr                             0x080005c7   Thumb Code    32  llushr.o(.text)
    _ll_ushift_r                             0x080005c7   Thumb Code     0  llushr.o(.text)
    __I$use$fp                               0x080005e7   Thumb Code     0  iusefp.o(.text)
    _float_round                             0x080005e7   Thumb Code    18  fepilogue.o(.text)
    _float_epilogue                          0x080005f9   Thumb Code    92  fepilogue.o(.text)
    _double_round                            0x08000655   Thumb Code    30  depilogue.o(.text)
    _double_epilogue                         0x08000673   Thumb Code   156  depilogue.o(.text)
    __aeabi_dadd                             0x0800070f   Thumb Code   322  dadd.o(.text)
    __aeabi_dsub                             0x08000851   Thumb Code     6  dadd.o(.text)
    __aeabi_drsub                            0x08000857   Thumb Code     6  dadd.o(.text)
    __aeabi_d2ulz                            0x0800085d   Thumb Code    48  dfixul.o(.text)
    __aeabi_cdrcmple                         0x0800088d   Thumb Code    48  cdrcmple.o(.text)
    __scatterload                            0x080008bd   Thumb Code    28  init.o(.text)
    __scatterload_rt2                        0x080008bd   Thumb Code     0  init.o(.text)
    __aeabi_llsl                             0x080008e1   Thumb Code    30  llshl.o(.text)
    _ll_shift_l                              0x080008e1   Thumb Code     0  llshl.o(.text)
    __aeabi_lasr                             0x080008ff   Thumb Code    36  llsshr.o(.text)
    _ll_sshift_r                             0x080008ff   Thumb Code     0  llsshr.o(.text)
    ADE7953_CS_HIGH                          0x08000925   Thumb Code    10  testfunc.o(i.ADE7953_CS_HIGH)
    ADE7953_CS_LOW                           0x08000935   Thumb Code    10  testfunc.o(i.ADE7953_CS_LOW)
    ADE7953_CalculateRegisterValue16_Signed  0x08000945   Thumb Code   146  testfunc.o(i.ADE7953_CalculateRegisterValue16_Signed)
    ADE7953_CalculateRegisterValue32         0x080009f9   Thumb Code   156  testfunc.o(i.ADE7953_CalculateRegisterValue32)
    ADE7953_CalculateRegisterValue32_Signed  0x08000ab5   Thumb Code   316  testfunc.o(i.ADE7953_CalculateRegisterValue32_Signed)
    ADE7953_RES_HIGH                         0x08000c41   Thumb Code    10  testfunc.o(i.ADE7953_RES_HIGH)
    ADE7953_RES_LOW                          0x08000c51   Thumb Code    10  testfunc.o(i.ADE7953_RES_LOW)
    ADE7953_RegisterValue16                  0x08000c61   Thumb Code    60  testfunc.o(i.ADE7953_RegisterValue16)
    ADE7953_RegisterValue16_Signed           0x08000ca9   Thumb Code    60  testfunc.o(i.ADE7953_RegisterValue16_Signed)
    ADE7953_RegisterValue32                  0x08000cf1   Thumb Code   104  testfunc.o(i.ADE7953_RegisterValue32)
    ADE7953_RegisterValue32_Signed           0x08000d6d   Thumb Code   116  testfunc.o(i.ADE7953_RegisterValue32_Signed)
    ADE7953_RegisterValue8                   0x08000df9   Thumb Code    60  testfunc.o(i.ADE7953_RegisterValue8)
    ADE7953_SPI_Read                         0x08000e41   Thumb Code    28  testfunc.o(i.ADE7953_SPI_Read)
    ADE7953_SPI_Read16                       0x08000e61   Thumb Code    72  testfunc.o(i.ADE7953_SPI_Read16)
    ADE7953_SPI_Read32                       0x08000ea9   Thumb Code    98  testfunc.o(i.ADE7953_SPI_Read32)
    ADE7953_SPI_Read32_Signed                0x08000f0d   Thumb Code   116  testfunc.o(i.ADE7953_SPI_Read32_Signed)
    ADE7953_SPI_Read8                        0x08000f85   Thumb Code    60  testfunc.o(i.ADE7953_SPI_Read8)
    ADE7953_SPI_Write16                      0x08000fc1   Thumb Code    70  testfunc.o(i.ADE7953_SPI_Write16)
    ADE7953_SPI_Write32                      0x08001007   Thumb Code    86  testfunc.o(i.ADE7953_SPI_Write32)
    ADE7953_SPI_Write8                       0x0800105d   Thumb Code    60  testfunc.o(i.ADE7953_SPI_Write8)
    ADE7953_SetGain                          0x08001099   Thumb Code    36  testfunc.o(i.ADE7953_SetGain)
    ADE7953_init                             0x080010c9   Thumb Code   100  testfunc.o(i.ADE7953_init)
    ADE7953_reset                            0x08001145   Thumb Code    20  testfunc.o(i.ADE7953_reset)
    BusFault_Handler                         0x08001159   Thumb Code     2  stm32f4xx_it.o(i.BusFault_Handler)
    DebugMon_Handler                         0x0800115b   Thumb Code     2  stm32f4xx_it.o(i.DebugMon_Handler)
    Error_Handler                            0x0800115d   Thumb Code     2  main.o(i.Error_Handler)
    EspChechTime                             0x08001161   Thumb Code    74  espwifi.o(i.EspChechTime)
    EspSendCSVToEmoncms                      0x0800121d   Thumb Code   448  espwifi.o(i.EspSendCSVToEmoncms)
    EspUpdateTime                            0x080014b1   Thumb Code    46  espwifi.o(i.EspUpdateTime)
    HAL_DMA_Abort_IT                         0x08001511   Thumb Code    36  stm32f4xx_hal_dma.o(i.HAL_DMA_Abort_IT)
    HAL_Delay                                0x08001535   Thumb Code    28  stm32f4xx_hal.o(i.HAL_Delay)
    HAL_GPIO_Init                            0x08001551   Thumb Code   340  stm32f4xx_hal_gpio.o(i.HAL_GPIO_Init)
    HAL_GPIO_ReadPin                         0x080016bd   Thumb Code    10  stm32f4xx_hal_gpio.o(i.HAL_GPIO_ReadPin)
    HAL_GPIO_WritePin                        0x080016c7   Thumb Code    10  stm32f4xx_hal_gpio.o(i.HAL_GPIO_WritePin)
    HAL_GetTick                              0x080016d1   Thumb Code     6  stm32f4xx_hal.o(i.HAL_GetTick)
    HAL_IncTick                              0x080016dd   Thumb Code    10  stm32f4xx_hal.o(i.HAL_IncTick)
    HAL_Init                                 0x080016ed   Thumb Code    48  stm32f4xx_hal.o(i.HAL_Init)
    HAL_InitTick                             0x08001721   Thumb Code    34  stm32f4xx_hal.o(i.HAL_InitTick)
    HAL_MspInit                              0x08001749   Thumb Code    88  stm32f4xx_hal_msp.o(i.HAL_MspInit)
    HAL_NVIC_EnableIRQ                       0x080017a1   Thumb Code    22  stm32f4xx_hal_cortex.o(i.HAL_NVIC_EnableIRQ)
    HAL_NVIC_SetPriority                     0x080017b9   Thumb Code    60  stm32f4xx_hal_cortex.o(i.HAL_NVIC_SetPriority)
    HAL_NVIC_SetPriorityGrouping             0x080017f9   Thumb Code    26  stm32f4xx_hal_cortex.o(i.HAL_NVIC_SetPriorityGrouping)
    HAL_RCC_ClockConfig                      0x0800181d   Thumb Code   364  stm32f4xx_hal_rcc.o(i.HAL_RCC_ClockConfig)
    HAL_RCC_GetHCLKFreq                      0x08001999   Thumb Code     6  stm32f4xx_hal_rcc.o(i.HAL_RCC_GetHCLKFreq)
    HAL_RCC_GetPCLK1Freq                     0x080019a5   Thumb Code    34  stm32f4xx_hal_rcc.o(i.HAL_RCC_GetPCLK1Freq)
    HAL_RCC_GetPCLK2Freq                     0x080019d5   Thumb Code    34  stm32f4xx_hal_rcc.o(i.HAL_RCC_GetPCLK2Freq)
    HAL_RCC_GetSysClockFreq                  0x08001a05   Thumb Code   104  stm32f4xx_hal_rcc.o(i.HAL_RCC_GetSysClockFreq)
    HAL_RCC_OscConfig                        0x08001a75   Thumb Code   790  stm32f4xx_hal_rcc_ex.o(i.HAL_RCC_OscConfig)
    HAL_SPI_ErrorCallback                    0x08001d9d   Thumb Code     2  stm32f4xx_hal_spi.o(i.HAL_SPI_ErrorCallback)
    HAL_SPI_IRQHandler                       0x08001da1   Thumb Code   208  stm32f4xx_hal_spi.o(i.HAL_SPI_IRQHandler)
    HAL_SPI_Init                             0x08001e75   Thumb Code   128  stm32f4xx_hal_spi.o(i.HAL_SPI_Init)
    HAL_SPI_MspInit                          0x08001ef5   Thumb Code   122  spi.o(i.HAL_SPI_MspInit)
    HAL_SYSTICK_CLKSourceConfig              0x08001f89   Thumb Code    24  stm32f4xx_hal_cortex.o(i.HAL_SYSTICK_CLKSourceConfig)
    HAL_SYSTICK_Callback                     0x08001fa1   Thumb Code     2  stm32f4xx_hal_cortex.o(i.HAL_SYSTICK_Callback)
    HAL_SYSTICK_Config                       0x08001fa3   Thumb Code    40  stm32f4xx_hal_cortex.o(i.HAL_SYSTICK_Config)
    HAL_SYSTICK_IRQHandler                   0x08001fcb   Thumb Code     8  stm32f4xx_hal_cortex.o(i.HAL_SYSTICK_IRQHandler)
    HAL_UART_ErrorCallback                   0x08001fd3   Thumb Code     2  stm32f4xx_hal_uart.o(i.HAL_UART_ErrorCallback)
    HAL_UART_IRQHandler                      0x08001fd5   Thumb Code   266  stm32f4xx_hal_uart.o(i.HAL_UART_IRQHandler)
    HAL_UART_Init                            0x080020e5   Thumb Code    98  stm32f4xx_hal_uart.o(i.HAL_UART_Init)
    HAL_UART_MspInit                         0x08002149   Thumb Code   148  usart.o(i.HAL_UART_MspInit)
    HAL_UART_Receive                         0x080021f5   Thumb Code   184  stm32f4xx_hal_uart.o(i.HAL_UART_Receive)
    HAL_UART_RxCpltCallback                  0x080022ad   Thumb Code     2  stm32f4xx_hal_uart.o(i.HAL_UART_RxCpltCallback)
    HAL_UART_TxCpltCallback                  0x080022af   Thumb Code     2  stm32f4xx_hal_uart.o(i.HAL_UART_TxCpltCallback)
    HardFault_Handler                        0x080022b1   Thumb Code     2  stm32f4xx_it.o(i.HardFault_Handler)
    MX_GPIO_Init                             0x080022b5   Thumb Code   198  gpio.o(i.MX_GPIO_Init)
    MX_SPI1_Init                             0x0800238d   Thumb Code    62  spi.o(i.MX_SPI1_Init)
    MX_USART2_UART_Init                      0x080023d5   Thumb Code    48  usart.o(i.MX_USART2_UART_Init)
    MX_USART6_UART_Init                      0x0800240d   Thumb Code    48  usart.o(i.MX_USART6_UART_Init)
    MemManage_Handler                        0x08002445   Thumb Code     2  stm32f4xx_it.o(i.MemManage_Handler)
    NMI_Handler                              0x08002447   Thumb Code     2  stm32f4xx_it.o(i.NMI_Handler)
    PendSV_Handler                           0x08002469   Thumb Code     2  stm32f4xx_it.o(i.PendSV_Handler)
    RCC_IRQHandler                           0x0800246b   Thumb Code     2  stm32f4xx_it.o(i.RCC_IRQHandler)
    SPI1_IRQHandler                          0x0800246d   Thumb Code     6  stm32f4xx_it.o(i.SPI1_IRQHandler)
    SPI2_IRQHandler                          0x08002479   Thumb Code     6  stm32f4xx_it.o(i.SPI2_IRQHandler)
    SVC_Handler                              0x08002495   Thumb Code     2  stm32f4xx_it.o(i.SVC_Handler)
    SysTick_Handler                          0x08002497   Thumb Code    14  stm32f4xx_it.o(i.SysTick_Handler)
    SystemClock_Config                       0x080024a5   Thumb Code   126  main.o(i.SystemClock_Config)
    SystemInit                               0x0800252d   Thumb Code    66  system_stm32f4xx.o(i.SystemInit)
    USART1_IRQHandler                        0x080029ab   Thumb Code     2  stm32f4xx_it.o(i.USART1_IRQHandler)
    USART2_IRQHandler                        0x080029ad   Thumb Code     6  stm32f4xx_it.o(i.USART2_IRQHandler)
    USART6_IRQHandler                        0x080029b9   Thumb Code     2  stm32f4xx_it.o(i.USART6_IRQHandler)
    USART_Puts                               0x080029bb   Thumb Code    26  usart.o(i.USART_Puts)
    UsageFault_Handler                       0x080029d5   Thumb Code     2  stm32f4xx_it.o(i.UsageFault_Handler)
    UsartInteger                             0x080029d9   Thumb Code    36  usart.o(i.UsartInteger)
    Usartfloat                               0x08002a05   Thumb Code    42  usart.o(i.Usartfloat)
    __0sprintf                               0x08002a39   Thumb Code    34  printfa.o(i.__0sprintf)
    __1sprintf                               0x08002a39   Thumb Code     0  printfa.o(i.__0sprintf)
    __2sprintf                               0x08002a39   Thumb Code     0  printfa.o(i.__0sprintf)
    __c89sprintf                             0x08002a39   Thumb Code     0  printfa.o(i.__0sprintf)
    sprintf                                  0x08002a39   Thumb Code     0  printfa.o(i.__0sprintf)
    __ARM_fpclassify                         0x08002a61   Thumb Code    48  fpclassify.o(i.__ARM_fpclassify)
    __hardfp_sin                             0x08002a91   Thumb Code   180  sin.o(i.__hardfp_sin)
    __ieee754_rem_pio2                       0x08002b59   Thumb Code   938  rred.o(i.__ieee754_rem_pio2)
    __kernel_cos                             0x08002f91   Thumb Code   322  cos_i.o(i.__kernel_cos)
    __kernel_poly                            0x08003101   Thumb Code   248  poly.o(i.__kernel_poly)
    __kernel_sin                             0x080031f9   Thumb Code   280  sin_i.o(i.__kernel_sin)
    __mathlib_dbl_infnan                     0x08003329   Thumb Code    20  dunder.o(i.__mathlib_dbl_infnan)
    __mathlib_dbl_invalid                    0x08003341   Thumb Code    24  dunder.o(i.__mathlib_dbl_invalid)
    __mathlib_dbl_underflow                  0x08003361   Thumb Code    24  dunder.o(i.__mathlib_dbl_underflow)
    __scatterload_copy                       0x08003381   Thumb Code    14  handlers.o(i.__scatterload_copy)
    __scatterload_null                       0x0800338f   Thumb Code     2  handlers.o(i.__scatterload_null)
    __scatterload_zeroinit                   0x08003391   Thumb Code    14  handlers.o(i.__scatterload_zeroinit)
    __set_errno                              0x080033a1   Thumb Code     6  errno.o(i.__set_errno)
    fabs                                     0x08003c69   Thumb Code    24  fabs.o(i.fabs)
    main                                     0x08003c81   Thumb Code   754  main.o(i.main)
    sortFrameReadSPI                         0x08004091   Thumb Code    10  testfunc.o(i.sortFrameReadSPI)
    sortFrameWriteSPI_16                     0x0800409b   Thumb Code    16  testfunc.o(i.sortFrameWriteSPI_16)
    sortFrameWriteSPI_32                     0x080040ab   Thumb Code    26  testfunc.o(i.sortFrameWriteSPI_32)
    sortFrameWriteSPI_8                      0x080040c5   Thumb Code    12  testfunc.o(i.sortFrameWriteSPI_8)
    AHBPrescTable                            0x080040d0   Data          16  system_stm32f4xx.o(.constdata)
    APBPrescTable                            0x080040e0   Data           8  system_stm32f4xx.o(.constdata)
    Region$$Table$$Base                      0x08004208   Number         0  anon$$obj.o(Region$$Table)
    Region$$Table$$Limit                     0x08004228   Number         0  anon$$obj.o(Region$$Table)
    SystemCoreClock                          0x20000000   Data           4  system_stm32f4xx.o(.data)
    signFlag                                 0x20000004   Data           1  main.o(.data)
    uwTick                                   0x20000008   Data           4  stm32f4xx_hal.o(.data)
    huart1                                   0x20000010   Data          64  usart.o(.bss)
    huart2                                   0x20000050   Data          64  usart.o(.bss)
    huart6                                   0x20000090   Data          64  usart.o(.bss)
    hspi1                                    0x200000d0   Data          88  spi.o(.bss)
    hspi2                                    0x20000128   Data          88  spi.o(.bss)
    __initial_sp                             0x20000580   Data           0  startup_stm32f410rx.o(STACK)



==============================================================================

Memory Map of the image

  Image Entry point : 0x080001c9

  Load Region LR_IROM1 (Base: 0x08000000, Size: 0x00004238, Max: 0x00020000, ABSOLUTE)

    Execution Region ER_IROM1 (Base: 0x08000000, Size: 0x00004228, Max: 0x00020000, ABSOLUTE)

    Base Addr    Size         Type   Attr      Idx    E Section Name        Object

    0x08000000   0x000001c8   Data   RO         2631    RESET               startup_stm32f410rx.o
    0x080001c8   0x00000000   Code   RO         2648  * .ARM.Collect$$$$00000000  mc_w.l(entry.o)
    0x080001c8   0x00000004   Code   RO         2966    .ARM.Collect$$$$00000001  mc_w.l(entry2.o)
    0x080001cc   0x00000004   Code   RO         2969    .ARM.Collect$$$$00000004  mc_w.l(entry5.o)
    0x080001d0   0x00000000   Code   RO         2971    .ARM.Collect$$$$00000008  mc_w.l(entry7b.o)
    0x080001d0   0x00000000   Code   RO         2973    .ARM.Collect$$$$0000000A  mc_w.l(entry8b.o)
    0x080001d0   0x00000008   Code   RO         2974    .ARM.Collect$$$$0000000B  mc_w.l(entry9a.o)
    0x080001d8   0x00000000   Code   RO         2976    .ARM.Collect$$$$0000000D  mc_w.l(entry10a.o)
    0x080001d8   0x00000000   Code   RO         2978    .ARM.Collect$$$$0000000F  mc_w.l(entry11a.o)
    0x080001d8   0x00000004   Code   RO         2967    .ARM.Collect$$$$00002712  mc_w.l(entry2.o)
    0x080001dc   0x00000024   Code   RO         2632    .text               startup_stm32f410rx.o
    0x08000200   0x00000024   Code   RO         2651    .text               mc_w.l(memcpya.o)
    0x08000224   0x00000018   Code   RO         2653    .text               mc_w.l(strcat.o)
    0x0800023c   0x00000012   Code   RO         2655    .text               mc_w.l(strcpy.o)
    0x0800024e   0x0000001e   Code   RO         2657    .text               mc_w.l(strncmp.o)
    0x0800026c   0x000000e4   Code   RO         2922    .text               mf_w.l(dmul.o)
    0x08000350   0x000000de   Code   RO         2924    .text               mf_w.l(ddiv.o)
    0x0800042e   0x00000022   Code   RO         2926    .text               mf_w.l(dflti.o)
    0x08000450   0x0000001a   Code   RO         2928    .text               mf_w.l(dfltui.o)
    0x0800046a   0x0000003e   Code   RO         2930    .text               mf_w.l(dfixi.o)
    0x080004a8   0x00000032   Code   RO         2932    .text               mf_w.l(dfixui.o)
    0x080004da   0x00000026   Code   RO         2934    .text               mf_w.l(f2d.o)
    0x08000500   0x00000038   Code   RO         2936    .text               mf_w.l(d2f.o)
    0x08000538   0x0000002c   Code   RO         2983    .text               mc_w.l(uidiv.o)
    0x08000564   0x00000062   Code   RO         2985    .text               mc_w.l(uldiv.o)
    0x080005c6   0x00000020   Code   RO         2987    .text               mc_w.l(llushr.o)
    0x080005e6   0x00000000   Code   RO         2996    .text               mc_w.l(iusefp.o)
    0x080005e6   0x0000006e   Code   RO         2997    .text               mf_w.l(fepilogue.o)
    0x08000654   0x000000ba   Code   RO         2999    .text               mf_w.l(depilogue.o)
    0x0800070e   0x0000014e   Code   RO         3001    .text               mf_w.l(dadd.o)
    0x0800085c   0x00000030   Code   RO         3005    .text               mf_w.l(dfixul.o)
    0x0800088c   0x00000030   Code   RO         3007    .text               mf_w.l(cdrcmple.o)
    0x080008bc   0x00000024   Code   RO         3019    .text               mc_w.l(init.o)
    0x080008e0   0x0000001e   Code   RO         3022    .text               mc_w.l(llshl.o)
    0x080008fe   0x00000024   Code   RO         3024    .text               mc_w.l(llsshr.o)
    0x08000922   0x00000002   PAD
    0x08000924   0x00000010   Code   RO          484    i.ADE7953_CS_HIGH   testfunc.o
    0x08000934   0x00000010   Code   RO          485    i.ADE7953_CS_LOW    testfunc.o
    0x08000944   0x000000b4   Code   RO          486    i.ADE7953_CalculateRegisterValue16_Signed  testfunc.o
    0x080009f8   0x000000bc   Code   RO          487    i.ADE7953_CalculateRegisterValue32  testfunc.o
    0x08000ab4   0x0000018c   Code   RO          488    i.ADE7953_CalculateRegisterValue32_Signed  testfunc.o
    0x08000c40   0x00000010   Code   RO          489    i.ADE7953_RES_HIGH  testfunc.o
    0x08000c50   0x00000010   Code   RO          490    i.ADE7953_RES_LOW   testfunc.o
    0x08000c60   0x00000048   Code   RO          495    i.ADE7953_RegisterValue16  testfunc.o
    0x08000ca8   0x00000048   Code   RO          496    i.ADE7953_RegisterValue16_Signed  testfunc.o
    0x08000cf0   0x0000007c   Code   RO          497    i.ADE7953_RegisterValue32  testfunc.o
    0x08000d6c   0x0000008c   Code   RO          498    i.ADE7953_RegisterValue32_Signed  testfunc.o
    0x08000df8   0x00000048   Code   RO          499    i.ADE7953_RegisterValue8  testfunc.o
    0x08000e40   0x00000020   Code   RO          500    i.ADE7953_SPI_Read  testfunc.o
    0x08000e60   0x00000048   Code   RO          501    i.ADE7953_SPI_Read16  testfunc.o
    0x08000ea8   0x00000062   Code   RO          502    i.ADE7953_SPI_Read32  testfunc.o
    0x08000f0a   0x00000002   PAD
    0x08000f0c   0x00000078   Code   RO          503    i.ADE7953_SPI_Read32_Signed  testfunc.o
    0x08000f84   0x0000003c   Code   RO          504    i.ADE7953_SPI_Read8  testfunc.o
    0x08000fc0   0x00000046   Code   RO          505    i.ADE7953_SPI_Write16  testfunc.o
    0x08001006   0x00000056   Code   RO          506    i.ADE7953_SPI_Write32  testfunc.o
    0x0800105c   0x0000003c   Code   RO          507    i.ADE7953_SPI_Write8  testfunc.o
    0x08001098   0x00000030   Code   RO          508    i.ADE7953_SetGain   testfunc.o
    0x080010c8   0x0000007c   Code   RO          512    i.ADE7953_init      testfunc.o
    0x08001144   0x00000014   Code   RO          513    i.ADE7953_reset     testfunc.o
    0x08001158   0x00000002   Code   RO          369    i.BusFault_Handler  stm32f4xx_it.o
    0x0800115a   0x00000002   Code   RO          370    i.DebugMon_Handler  stm32f4xx_it.o
    0x0800115c   0x00000002   Code   RO          234    i.Error_Handler     main.o
    0x0800115e   0x00000002   PAD
    0x08001160   0x000000bc   Code   RO          794    i.EspChechTime      espwifi.o
    0x0800121c   0x00000294   Code   RO          795    i.EspSendCSVToEmoncms  espwifi.o
    0x080014b0   0x00000060   Code   RO          798    i.EspUpdateTime     espwifi.o
    0x08001510   0x00000024   Code   RO          954    i.HAL_DMA_Abort_IT  stm32f4xx_hal_dma.o
    0x08001534   0x0000001c   Code   RO         1063    i.HAL_Delay         stm32f4xx_hal.o
    0x08001550   0x0000016c   Code   RO         1782    i.HAL_GPIO_Init     stm32f4xx_hal_gpio.o
    0x080016bc   0x0000000a   Code   RO         1784    i.HAL_GPIO_ReadPin  stm32f4xx_hal_gpio.o
    0x080016c6   0x0000000a   Code   RO         1786    i.HAL_GPIO_WritePin  stm32f4xx_hal_gpio.o
    0x080016d0   0x0000000c   Code   RO         1069    i.HAL_GetTick       stm32f4xx_hal.o
    0x080016dc   0x00000010   Code   RO         1071    i.HAL_IncTick       stm32f4xx_hal.o
    0x080016ec   0x00000034   Code   RO         1072    i.HAL_Init          stm32f4xx_hal.o
    0x08001720   0x00000028   Code   RO         1073    i.HAL_InitTick      stm32f4xx_hal.o
    0x08001748   0x00000058   Code   RO          297    i.HAL_MspInit       stm32f4xx_hal_msp.o
    0x080017a0   0x00000016   Code   RO         1214    i.HAL_NVIC_EnableIRQ  stm32f4xx_hal_cortex.o
    0x080017b6   0x00000002   PAD
    0x080017b8   0x00000040   Code   RO         1220    i.HAL_NVIC_SetPriority  stm32f4xx_hal_cortex.o
    0x080017f8   0x00000024   Code   RO         1221    i.HAL_NVIC_SetPriorityGrouping  stm32f4xx_hal_cortex.o
    0x0800181c   0x0000017c   Code   RO          849    i.HAL_RCC_ClockConfig  stm32f4xx_hal_rcc.o
    0x08001998   0x0000000c   Code   RO          854    i.HAL_RCC_GetHCLKFreq  stm32f4xx_hal_rcc.o
    0x080019a4   0x00000030   Code   RO          856    i.HAL_RCC_GetPCLK1Freq  stm32f4xx_hal_rcc.o
    0x080019d4   0x00000030   Code   RO          857    i.HAL_RCC_GetPCLK2Freq  stm32f4xx_hal_rcc.o
    0x08001a04   0x00000070   Code   RO          858    i.HAL_RCC_GetSysClockFreq  stm32f4xx_hal_rcc.o
    0x08001a74   0x00000328   Code   RO         2374    i.HAL_RCC_OscConfig  stm32f4xx_hal_rcc_ex.o
    0x08001d9c   0x00000002   Code   RO         1469    i.HAL_SPI_ErrorCallback  stm32f4xx_hal_spi.o
    0x08001d9e   0x00000002   PAD
    0x08001da0   0x000000d4   Code   RO         1472    i.HAL_SPI_IRQHandler  stm32f4xx_hal_spi.o
    0x08001e74   0x00000080   Code   RO         1473    i.HAL_SPI_Init      stm32f4xx_hal_spi.o
    0x08001ef4   0x00000094   Code   RO          322    i.HAL_SPI_MspInit   spi.o
    0x08001f88   0x00000018   Code   RO         1223    i.HAL_SYSTICK_CLKSourceConfig  stm32f4xx_hal_cortex.o
    0x08001fa0   0x00000002   Code   RO         1224    i.HAL_SYSTICK_Callback  stm32f4xx_hal_cortex.o
    0x08001fa2   0x00000028   Code   RO         1225    i.HAL_SYSTICK_Config  stm32f4xx_hal_cortex.o
    0x08001fca   0x00000008   Code   RO         1226    i.HAL_SYSTICK_IRQHandler  stm32f4xx_hal_cortex.o
    0x08001fd2   0x00000002   Code   RO         2063    i.HAL_UART_ErrorCallback  stm32f4xx_hal_uart.o
    0x08001fd4   0x00000110   Code   RO         2066    i.HAL_UART_IRQHandler  stm32f4xx_hal_uart.o
    0x080020e4   0x00000062   Code   RO         2067    i.HAL_UART_Init     stm32f4xx_hal_uart.o
    0x08002146   0x00000002   PAD
    0x08002148   0x000000ac   Code   RO          163    i.HAL_UART_MspInit  usart.o
    0x080021f4   0x000000b8   Code   RO         2070    i.HAL_UART_Receive  stm32f4xx_hal_uart.o
    0x080022ac   0x00000002   Code   RO         2073    i.HAL_UART_RxCpltCallback  stm32f4xx_hal_uart.o
    0x080022ae   0x00000002   Code   RO         2078    i.HAL_UART_TxCpltCallback  stm32f4xx_hal_uart.o
    0x080022b0   0x00000002   Code   RO          371    i.HardFault_Handler  stm32f4xx_it.o
    0x080022b2   0x00000002   PAD
    0x080022b4   0x000000d8   Code   RO          131    i.MX_GPIO_Init      gpio.o
    0x0800238c   0x00000048   Code   RO          323    i.MX_SPI1_Init      spi.o
    0x080023d4   0x00000038   Code   RO          165    i.MX_USART2_UART_Init  usart.o
    0x0800240c   0x00000038   Code   RO          166    i.MX_USART6_UART_Init  usart.o
    0x08002444   0x00000002   Code   RO          372    i.MemManage_Handler  stm32f4xx_it.o
    0x08002446   0x00000002   Code   RO          373    i.NMI_Handler       stm32f4xx_it.o
    0x08002448   0x00000020   Code   RO         1227    i.NVIC_SetPriority  stm32f4xx_hal_cortex.o
    0x08002468   0x00000002   Code   RO          374    i.PendSV_Handler    stm32f4xx_it.o
    0x0800246a   0x00000002   Code   RO          375    i.RCC_IRQHandler    stm32f4xx_it.o
    0x0800246c   0x0000000c   Code   RO          376    i.SPI1_IRQHandler   stm32f4xx_it.o
    0x08002478   0x0000000c   Code   RO          377    i.SPI2_IRQHandler   stm32f4xx_it.o
    0x08002484   0x00000010   Code   RO         1501    i.SPI_DMAAbortOnError  stm32f4xx_hal_spi.o
    0x08002494   0x00000002   Code   RO          378    i.SVC_Handler       stm32f4xx_it.o
    0x08002496   0x0000000e   Code   RO          379    i.SysTick_Handler   stm32f4xx_it.o
    0x080024a4   0x00000088   Code   RO          235    i.SystemClock_Config  main.o
    0x0800252c   0x00000054   Code   RO            5    i.SystemInit        system_stm32f4xx.o
    0x08002580   0x00000010   Code   RO         2080    i.UART_DMAAbortOnError  stm32f4xx_hal_uart.o
    0x08002590   0x0000001c   Code   RO         2090    i.UART_EndRxTransfer  stm32f4xx_hal_uart.o
    0x080025ac   0x0000008c   Code   RO         2092    i.UART_Receive_IT   stm32f4xx_hal_uart.o
    0x08002638   0x000002ac   Code   RO         2093    i.UART_SetConfig    stm32f4xx_hal_uart.o
    0x080028e4   0x00000062   Code   RO         2094    i.UART_Transmit_IT  stm32f4xx_hal_uart.o
    0x08002946   0x00000064   Code   RO         2095    i.UART_WaitOnFlagUntilTimeout  stm32f4xx_hal_uart.o
    0x080029aa   0x00000002   Code   RO          380    i.USART1_IRQHandler  stm32f4xx_it.o
    0x080029ac   0x0000000c   Code   RO          381    i.USART2_IRQHandler  stm32f4xx_it.o
    0x080029b8   0x00000002   Code   RO          382    i.USART6_IRQHandler  stm32f4xx_it.o
    0x080029ba   0x0000001a   Code   RO          167    i.USART_Puts        usart.o
    0x080029d4   0x00000002   Code   RO          383    i.UsageFault_Handler  stm32f4xx_it.o
    0x080029d6   0x00000002   PAD
    0x080029d8   0x0000002c   Code   RO          168    i.UsartInteger      usart.o
    0x08002a04   0x00000034   Code   RO          169    i.Usartfloat        usart.o
    0x08002a38   0x00000028   Code   RO         2896    i.__0sprintf        mc_w.l(printfa.o)
    0x08002a60   0x00000030   Code   RO         3015    i.__ARM_fpclassify  m_wm.l(fpclassify.o)
    0x08002a90   0x000000c8   Code   RO         2636    i.__hardfp_sin      m_wm.l(sin.o)
    0x08002b58   0x00000438   Code   RO         2955    i.__ieee754_rem_pio2  m_wm.l(rred.o)
    0x08002f90   0x00000170   Code   RO         2938    i.__kernel_cos      m_wm.l(cos_i.o)
    0x08003100   0x000000f8   Code   RO         3017    i.__kernel_poly     m_wm.l(poly.o)
    0x080031f8   0x00000130   Code   RO         2960    i.__kernel_sin      m_wm.l(sin_i.o)
    0x08003328   0x00000014   Code   RO         2942    i.__mathlib_dbl_infnan  m_wm.l(dunder.o)
    0x0800333c   0x00000004   PAD
    0x08003340   0x00000020   Code   RO         2944    i.__mathlib_dbl_invalid  m_wm.l(dunder.o)
    0x08003360   0x00000020   Code   RO         2947    i.__mathlib_dbl_underflow  m_wm.l(dunder.o)
    0x08003380   0x0000000e   Code   RO         3029    i.__scatterload_copy  mc_w.l(handlers.o)
    0x0800338e   0x00000002   Code   RO         3030    i.__scatterload_null  mc_w.l(handlers.o)
    0x08003390   0x0000000e   Code   RO         3031    i.__scatterload_zeroinit  mc_w.l(handlers.o)
    0x0800339e   0x00000002   PAD
    0x080033a0   0x0000000c   Code   RO         2991    i.__set_errno       mc_w.l(errno.o)
    0x080033ac   0x00000184   Code   RO         2901    i._fp_digits        mc_w.l(printfa.o)
    0x08003530   0x000006dc   Code   RO         2902    i._printf_core      mc_w.l(printfa.o)
    0x08003c0c   0x00000024   Code   RO         2903    i._printf_post_padding  mc_w.l(printfa.o)
    0x08003c30   0x0000002e   Code   RO         2904    i._printf_pre_padding  mc_w.l(printfa.o)
    0x08003c5e   0x0000000a   Code   RO         2906    i._sputc            mc_w.l(printfa.o)
    0x08003c68   0x00000018   Code   RO         3011    i.fabs              m_wm.l(fabs.o)
    0x08003c80   0x00000410   Code   RO          236    i.main              main.o
    0x08004090   0x0000000a   Code   RO          522    i.sortFrameReadSPI  testfunc.o
    0x0800409a   0x00000010   Code   RO          528    i.sortFrameWriteSPI_16  testfunc.o
    0x080040aa   0x0000001a   Code   RO          529    i.sortFrameWriteSPI_32  testfunc.o
    0x080040c4   0x0000000c   Code   RO          530    i.sortFrameWriteSPI_8  testfunc.o
    0x080040d0   0x00000010   Data   RO            6    .constdata          system_stm32f4xx.o
    0x080040e0   0x00000008   Data   RO            7    .constdata          system_stm32f4xx.o
    0x080040e8   0x00000030   Data   RO         2939    .constdata          m_wm.l(cos_i.o)
    0x08004118   0x000000c8   Data   RO         2957    .constdata          m_wm.l(rred.o)
    0x080041e0   0x00000028   Data   RO         2961    .constdata          m_wm.l(sin_i.o)
    0x08004208   0x00000020   Data   RO         3027    Region$$Table       anon$$obj.o


    Execution Region RW_IRAM1 (Base: 0x20000000, Size: 0x00000580, Max: 0x00008000, ABSOLUTE)

    Base Addr    Size         Type   Attr      Idx    E Section Name        Object

    0x20000000   0x00000004   Data   RW            8    .data               system_stm32f4xx.o
    0x20000004   0x00000001   Data   RW          237    .data               main.o
    0x20000005   0x00000003   PAD
    0x20000008   0x00000004   Data   RW         1078    .data               stm32f4xx_hal.o
    0x2000000c   0x00000004   Data   RW         2992    .data               mc_w.l(errno.o)
    0x20000010   0x000000c0   Zero   RW          170    .bss                usart.o
    0x200000d0   0x000000b0   Zero   RW          325    .bss                spi.o
    0x20000180   0x00000400   Zero   RW         2629    STACK               startup_stm32f410rx.o


==============================================================================

Image component sizes


      Code (inc. data)   RO Data    RW Data    ZI Data      Debug   Object Name

       944        376          0          0          0       2645   espwifi.o
       216         18          0          0          0       1051   gpio.o
      1178        296          0          1          0       3415   main.o
       220         36          0          0        176       1871   spi.o
        36          8        456          0       1024        840   startup_stm32f410rx.o
       148         22          0          4          0       4683   stm32f4xx_hal.o
       228         14          0          0          0      32473   stm32f4xx_hal_cortex.o
        36          0          0          0          0       1291   stm32f4xx_hal_dma.o
       384         24          0          0          0       3187   stm32f4xx_hal_gpio.o
        88          0          0          0          0        558   stm32f4xx_hal_msp.o
       600         58          0          0          0       4520   stm32f4xx_hal_rcc.o
       808         18          0          0          0       1820   stm32f4xx_hal_rcc_ex.o
       358          4          0          0          0       3644   stm32f4xx_hal_spi.o
      1626         14          0          0          0      10010   stm32f4xx_hal_uart.o
        72         18          0          0          0       7415   stm32f4xx_it.o
        84         18         24          4          0     324531   system_stm32f4xx.o
      2162        294          0          0          0      19888   testfunc.o
       406         58          0          0        192       4543   usart.o

    ----------------------------------------------------------------------
      9608       1276        512         12       1392     428385   Object Totals
         0          0         32          0          0          0   (incl. Generated)
        14          0          0          3          0          0   (incl. Padding)

    ----------------------------------------------------------------------

      Code (inc. data)   RO Data    RW Data    ZI Data      Debug   Library Member Name

       368         46         48          0          0        200   cos_i.o
        84         16          0          0          0        372   dunder.o
        24          0          0          0          0        124   fabs.o
        48          0          0          0          0        124   fpclassify.o
       248          0          0          0          0        152   poly.o
      1080        142        200          0          0        188   rred.o
       200         20          0          0          0        164   sin.o
       304         24         40          0          0        208   sin_i.o
         0          0          0          0          0          0   entry.o
         0          0          0          0          0          0   entry10a.o
         0          0          0          0          0          0   entry11a.o
         8          4          0          0          0          0   entry2.o
         4          0          0          0          0          0   entry5.o
         0          0          0          0          0          0   entry7b.o
         0          0          0          0          0          0   entry8b.o
         8          4          0          0          0          0   entry9a.o
        12          6          0          4          0         68   errno.o
        30          0          0          0          0          0   handlers.o
        36          8          0          0          0         68   init.o
         0          0          0          0          0          0   iusefp.o
        30          0          0          0          0         68   llshl.o
        36          0          0          0          0         68   llsshr.o
        32          0          0          0          0         68   llushr.o
        36          0          0          0          0         68   memcpya.o
      2276         86          0          0          0        520   printfa.o
        24          0          0          0          0         68   strcat.o
        18          0          0          0          0         68   strcpy.o
        30          0          0          0          0         80   strncmp.o
        44          0          0          0          0         80   uidiv.o
        98          0          0          0          0         92   uldiv.o
        48          0          0          0          0         68   cdrcmple.o
        56          0          0          0          0         88   d2f.o
       334          0          0          0          0        148   dadd.o
       222          0          0          0          0        100   ddiv.o
       186          0          0          0          0        176   depilogue.o
        62          0          0          0          0         80   dfixi.o
        50          0          0          0          0         76   dfixui.o
        48          0          0          0          0         68   dfixul.o
        34          0          0          0          0         76   dflti.o
        26          0          0          0          0         76   dfltui.o
       228          0          0          0          0         96   dmul.o
        38          0          0          0          0         68   f2d.o
       110          0          0          0          0        168   fepilogue.o

    ----------------------------------------------------------------------
      6528        356        288          4          0       4136   Library Totals
         8          0          0          0          0          0   (incl. Padding)

    ----------------------------------------------------------------------

      Code (inc. data)   RO Data    RW Data    ZI Data      Debug   Library Name

      2356        248        288          0          0       1532   m_wm.l
      2722        108          0          4          0       1316   mc_w.l
      1442          0          0          0          0       1288   mf_w.l

    ----------------------------------------------------------------------
      6528        356        288          4          0       4136   Library Totals

    ----------------------------------------------------------------------

==============================================================================


      Code (inc. data)   RO Data    RW Data    ZI Data      Debug   

     16136       1632        800         16       1392     421221   Grand Totals
     16136       1632        800         16       1392     421221   ELF Image Totals
     16136       1632        800         16          0          0   ROM Totals

==============================================================================

    Total RO  Size (Code + RO Data)                16936 (  16.54kB)
    Total RW  Size (RW Data + ZI Data)              1408 (   1.38kB)
    Total ROM Size (Code + RO Data + RW Data)      16952 (  16.55kB)

==============================================================================

